
running 0 tests

test result: ok. 0 passed; 0 failed; 0 ignored; 0 measured; 0 filtered out; finished in 0.00s


running 142 tests
test core/src/checkpointer.rs - checkpointer (line 38) ... ignored
test core/src/checkpointer.rs - checkpointer::MonoCheckpointer::init (line 179) ... ignored
test core/src/checkpointer.rs - checkpointer::MonoCheckpointer::load (line 261) ... ignored
test core/src/checkpointer.rs - checkpointer::MonoCheckpointer::save_state (line 224) ... ignored
test core/src/config.rs - config::FolderConfig::new (line 116) ... ignored
test core/src/config.rs - config::SaverConfig (line 61) ... ignored
test core/src/domain.rs - domain::Domain (line 109) ... ignored
test core/src/domain.rs - domain::Domain::sample (line 194) ... ignored
test core/src/experiment.rs - experiment (line 104) ... ignored
test core/src/experiment.rs - experiment (line 148) ... ignored
test core/src/experiment.rs - experiment (line 166) ... ignored
test core/src/experiment.rs - experiment (line 178) ... ignored
test core/src/experiment.rs - experiment (line 198) ... ignored
test core/src/experiment.rs - experiment (line 222) ... ignored
test core/src/experiment.rs - experiment (line 69) ... ignored
test core/src/experiment.rs - experiment (line 86) ... ignored
test core/src/experiment.rs - experiment::Runable (line 890) ... ignored
test core/src/experiment.rs - experiment::Runable (line 909) ... ignored
test core/src/experiment.rs - experiment::Runable::get_mut_stop (line 1021) ... ignored
test core/src/experiment.rs - experiment::load (line 711) ... ignored
test core/src/experiment.rs - experiment::load (line 733) ... ignored
test core/src/experiment.rs - experiment::load (line 751) ... ignored
test core/src/experiment.rs - experiment::load (line 758) ... ignored
test core/src/experiment.rs - experiment::mono (line 322) ... ignored
test core/src/experiment.rs - experiment::mono_load (line 499) ... ignored
test core/src/experiment.rs - experiment::threaded (line 387) ... ignored
test core/src/experiment.rs - experiment::threaded_load (line 573) ... ignored
test core/src/lib.rs - (line 153) ... ignored
test core/src/lib.rs - (line 176) ... ignored
test core/src/lib.rs - (line 199) ... ignored
test core/src/objective.rs - objective::EvalStep (line 181) ... ignored
test core/src/objective.rs - objective::EvalStep::discard (line 295) ... ignored
test core/src/objective.rs - objective::EvalStep::error (line 309) ... ignored
test core/src/objective.rs - objective::EvalStep::evaluated (line 281) ... ignored
test core/src/objective.rs - objective::EvalStep::partially (line 267) ... ignored
test core/src/objective.rs - objective::EvalStep::pending (line 248) ... ignored
test core/src/objective.rs - objective::Step (line 92) ... ignored
test core/src/recorder.rs - recorder (line 30) ... ignored
test core/src/sampler.rs - sampler::Bernoulli (line 290) ... ignored
test core/src/sampler.rs - sampler::BoundedDistribution (line 114) ... ok
test core/src/domain/cat.rs - domain::cat::Cat (line 27) ... ok
test core/src/lib.rs - (line 109) ... FAILED
test core/src/sampler.rs - sampler::BoolDistribution (line 150) ... ok
test core/src/searchspace.rs - searchspace (line 38) ... ignored
test core/src/searchspace.rs - searchspace::Searchspace (line 191) ... ignored
test core/src/sampler.rs - sampler::CatDistribution (line 182) ... ok
test core/src/lib.rs - (line 72) ... ok
test core/src/domain/bool.rs - domain::bool::Bool::is_in (line 63) ... ok
test core/src/objective/obj.rs - objective::obj (line 12) ... ok
test core/src/domain/cat.rs - domain::cat::Cat::new (line 43) ... ok
test core/src/sampler.rs - sampler::Sampler (line 75) ... FAILED
test core/src/objective/obj.rs - objective::obj (line 62) - compile ... FAILED
test core/src/domain/bounded.rs - domain::bounded::Nat (line 472) ... ok
test core/src/domain/bounded.rs - domain::bounded (line 17) ... ok
test core/src/domain/unit.rs - domain::unit::Unit (line 24) ... ok
test core/src/domain/bounded.rs - domain::bounded::Real (line 447) ... ok
test core/src/sampler.rs - sampler (line 34) ... ok
test core/src/domain/bool.rs - domain::bool::Bool (line 23) ... ok
test core/src/domain/cat.rs - domain::cat::Cat::sample (line 79) ... ok
test core/src/objective/outcome.rs - objective::outcome (line 31) ... ok
test core/src/domain/cat.rs - domain::cat::Cat::is_in (line 102) ... ok
test core/src/domain/codomain.rs - domain::codomain (line 26) ... ok
test core/src/searchspace.rs - searchspace::Searchspace::is_in_obj (line 459) ... FAILED
test core/src/searchspace.rs - searchspace::Searchspace::onto_obj (line 288) ... FAILED
test core/src/searchspace.rs - searchspace::Searchspace::vec_apply_obj (line 803) ... FAILED
test core/src/domain/onto.rs - domain::onto (line 8) ... ok
test core/src/searchspace.rs - searchspace::Searchspace::is_in_opt (line 506) ... FAILED
test core/src/searchspace.rs - searchspace (line 100) ... FAILED
test core/src/solution.rs - solution (line 30) ... ignored
test core/src/solution.rs - solution (line 63) ... ignored
test core/src/domain/bounded.rs - domain::bounded::Int (line 497) ... ok
test core/src/searchspace.rs - searchspace::Searchspace::vec_is_in_opt (line 1025) ... FAILED
test core/src/searchspace.rs - searchspace::Searchspace::vec_apply_opt (line 865) ... FAILED
test core/src/searchspace.rs - searchspace::Searchspace::vec_apply_pair (line 921) ... FAILED
test core/src/searchspace.rs - searchspace::Searchspace::sample_pair (line 413) ... FAILED
test core/src/searchspace.rs - searchspace::Searchspace::sample_opt (line 371) ... FAILED
test core/src/sampler.rs - sampler::Uniform (line 237) ... ok
test core/src/searchspace.rs - searchspace::Searchspace::vec_onto_opt (line 592) ... FAILED
test core/src/searchspace.rs - searchspace::Searchspace::sample_obj (line 330) ... FAILED
test core/src/searchspace.rs - searchspace::Searchspace::vec_is_in_obj (line 978) ... FAILED
test core/src/searchspace.rs - searchspace::Searchspace::vec_sample_obj (line 644) ... FAILED
test core/src/searchspace.rs - searchspace::Searchspace::vec_onto_obj (line 542) ... FAILED
test core/src/searchspace.rs - searchspace::Searchspace::onto_opt (line 245) ... FAILED
test core/src/searchspace/sppar.rs - searchspace::sppar (line 10) ... ok
test core/src/searchspace/spbase.rs - searchspace::spbase (line 22) ... ok
test core/src/searchspace/spbase.rs - searchspace::spbase (line 11) ... ok
test core/src/searchspace/sppar.rs - searchspace::sppar (line 21) ... ok
test core/src/solution/batchtype.rs - solution::batchtype::Batch<SolId,SInfo,Info,Shape>::empty (line 95) ... ok
test core/src/solution/batchtype.rs - solution::batchtype::Batch<SolId,SInfo,Info,Shape>::size (line 177) ... ok
test core/src/solution/batchtype.rs - solution::batchtype::Batch<SolId,SInfo,Info,Shape>::is_empty (line 191) ... ok
test core/src/solution/batchtype.rs - solution::batchtype (line 9) ... ok
test core/src/solution/batchtype.rs - solution::batchtype::OutBatch<SolId,Info,Out>::is_empty (line 598) ... ok
test core/src/solution/batchtype.rs - solution::batchtype::OutBatch<SolId,Info,Out>::empty (line 493) ... ok
test core/src/solution/batchtype.rs - solution::batchtype::Batch<SolId,SInfo,Info,Shape>::extend (line 156) ... ok
test core/src/solution/batchtype.rs - solution::batchtype::OutBatch<SolId,Info,Out>::add (line 515) ... ok
test core/src/solution/batchtype.rs - solution::batchtype::Batch<SolId,SInfo,Info,Shape>::chunk_by_step (line 244) ... ok
test core/src/searchspace.rs - searchspace::Searchspace::vec_sample_opt (line 697) ... ok
test core/src/solution/batchtype.rs - solution::batchtype::Batch<SolId,SInfo,Info,Shape>::add (line 114) ... ok
test core/src/solution/batchtype.rs - solution::batchtype::Batch<SolId,SInfo,Info,Shape>::new (line 71) ... ok
test core/src/searchspace/spbase.rs - searchspace::spbase (line 34) ... ok
test core/src/solution/batchtype.rs - solution::batchtype::OutBatch<SolId,Info,Out>::extend (line 557) ... ok
test core/src/solution/batchtype.rs - solution::batchtype::OutBatch<SolId,Info,Out>::add_vec (line 536) ... ok
test core/src/solution/batchtype.rs - solution::batchtype::Batch<SolId,SInfo,Info,Shape>::add_vec (line 134) ... ok
test core/src/searchspace.rs - searchspace::Searchspace::vec_sample_pair (line 744) ... ok
test core/src/solution/id.rs - solution::id (line 15) ... ok
test core/src/solution/batchtype.rs - solution::batchtype::OutBatch<SolId,Info,Out>::new (line 472) ... ok
test core/src/solution/id.rs - solution::id (line 7) ... ok
test core/src/solution/batchtype.rs - solution::batchtype::OutBatch<SolId,Info,Out>::size (line 579) ... ok
test core/src/solution/id.rs - solution::id::Id (line 42) ... ok
test core/src/solution/computed.rs - solution::computed (line 15) ... ok
test core/src/solution/computed.rs - solution::computed (line 34) ... ok
test core/src/stop/calls.rs - stop::calls::Calls::update (line 23) ... ok
test core/src/solution/id.rs - solution::id::SId (line 194) ... ok
test core/src/solution/partial.rs - solution::partial (line 9) ... ok
test core/src/stop/evaluated.rs - stop::evaluated::Evaluated::update (line 23) ... ok
test core/src/solution/shape.rs - solution::shape (line 8) ... ok
test core/src/solution/partial.rs - solution::partial::FidelitySol (line 274) ... ok
test core/src/solution/shape.rs - solution::shape::Lone (line 391) ... ok
test core/src/solution/partial.rs - solution::partial::BaseSol (line 75) ... ok
test core/src/solution/partial.rs - solution::partial::BaseSol<SolId,Dom,Info>::new (line 181) ... ok
test core/src/solution/shape.rs - solution::shape::Pair (line 87) ... ok
test core/src/variable/var.rs - variable::var (line 44) ... ok
test core/src/variable/var.rs - variable::var::Var<Obj,NoDomain>::is_in_obj (line 553) ... ok
test core/src/variable/var.rs - variable::var (line 23) ... ok
test core/src/variable/var.rs - variable::var (line 69) ... ok
test core/src/variable/var.rs - variable::var::Var<Obj,NoDomain>::is_in_opt (line 570) ... ok
test core/src/variable/var.rs - variable::var::Var<Obj,NoDomain>::onto_opt (line 499) ... ok
test core/src/searchspace/sppar.rs - searchspace::sppar (line 33) ... ok
test core/src/variable/var.rs - variable::var::Var<Obj,NoDomain>::onto_obj (line 477) ... ok
test core/src/variable/var.rs - variable::var::Var<Obj,NoDomain>::replicate (line 589) ... ok
test core/src/variable/var.rs - variable::var::Var<Obj,NoDomain>::sample_opt (line 535) ... ok
test core/src/variable/var.rs - variable::var::Var<Obj,NoDomain>::new (line 451) ... ok
test core/src/variable/var.rs - variable::var::Var<Obj,Opt>::new (line 163) ... ok
test core/src/variable/var.rs - variable::var::Var<Obj,NoDomain>::sample_obj (line 517) ... ok
test core/src/variable/var.rs - variable::var::Var<Obj,Opt>::is_in_obj (line 329) ... ok
test core/src/variable/var.rs - variable::var::Var<Obj,Opt>::is_in_opt (line 362) ... ok
test core/src/stop/time.rs - stop::time::Time::update (line 28) ... ok
test core/src/variable/var.rs - variable::var::Var<Obj,Opt>::sample_obj (line 263) ... ok
test core/src/variable/var.rs - variable::var::Var<Obj,Opt>::onto_opt (line 233) ... ok
test core/src/variable/var.rs - variable::var::Var<Obj,Opt>::onto_obj (line 197) ... ok
test core/src/variable/var.rs - variable::var::Var<Obj,Opt>::replicate (line 403) ... ok
test core/src/variable/var.rs - variable::var::Var<Obj,Opt>::sample_opt (line 292) ... ok

failures:

---- core/src/lib.rs - (line 109) stdout ----
[0m[1m[38;5;9merror[E0425][0m[0m[1m: cannot find value `state` in this scope[0m
[0m  [0m[0m[1m[38;5;12m--> [0m[0mcore/src/lib.rs:136:9[0m
[0m   [0m[0m[1m[38;5;12m|[0m
[0m[1m[38;5;12m29[0m[0m [0m[0m[1m[38;5;12m|[0m[0m [0m[0m        state.something += 1;[0m
[0m   [0m[0m[1m[38;5;12m|[0m[0m         [0m[0m[1m[38;5;9m^^^^^[0m[0m [0m[0m[1m[38;5;9mnot found in this scope[0m

[0m[1m[38;5;9merror[E0425][0m[0m[1m: cannot find value `state` in this scope[0m
[0m  [0m[0m[1m[38;5;12m--> [0m[0mcore/src/lib.rs:137:28[0m
[0m   [0m[0m[1m[38;5;12m|[0m
[0m[1m[38;5;12m30[0m[0m [0m[0m[1m[38;5;12m|[0m[0m [0m[0m        let evalstate = if state.something == 5 {Step::Evaluated} else{Step::Partially(state.something)};[0m
[0m   [0m[0m[1m[38;5;12m|[0m[0m                            [0m[0m[1m[38;5;9m^^^^^[0m[0m [0m[0m[1m[38;5;9mnot found in this scope[0m

[0m[1m[38;5;9merror[E0425][0m[0m[1m: cannot find value `state` in this scope[0m
[0m  [0m[0m[1m[38;5;12m--> [0m[0mcore/src/lib.rs:137:88[0m
[0m   [0m[0m[1m[38;5;12m|[0m
[0m[1m[38;5;12m30[0m[0m [0m[0m[1m[38;5;12m|[0m[0m [0m[0m        let evalstate = if state.something == 5 {Step::Evaluated} else{Step::Partially(state.something)};[0m
[0m   [0m[0m[1m[38;5;12m|[0m[0m                                                                                        [0m[0m[1m[38;5;9m^^^^^[0m[0m [0m[0m[1m[38;5;9mnot found in this scope[0m

[0m[1m[38;5;9merror[E0425][0m[0m[1m: cannot find value `state` in this scope[0m
[0m  [0m[0m[1m[38;5;12m--> [0m[0mcore/src/lib.rs:145:13[0m
[0m   [0m[0m[1m[38;5;12m|[0m
[0m[1m[38;5;12m38[0m[0m [0m[0m[1m[38;5;12m|[0m[0m [0m[0m            state[0m
[0m   [0m[0m[1m[38;5;12m|[0m[0m             [0m[0m[1m[38;5;9m^^^^^[0m[0m [0m[0m[1m[38;5;9mnot found in this scope[0m

[0m[1m[38;5;9merror[0m[0m[1m: aborting due to 4 previous errors[0m

[0m[1mFor more information about this error, try `rustc --explain E0425`.[0m
Couldn't compile the test.
---- core/src/sampler.rs - sampler::Sampler (line 75) stdout ----
[0m[1m[38;5;9merror[E0599][0m[0m[1m: no method named `sample` found for struct `Bounded<T>` in the current scope[0m
[0m   [0m[0m[1m[38;5;12m--> [0m[0mcore/src/sampler.rs:82:20[0m
[0m    [0m[0m[1m[38;5;12m|[0m
[0m  [0m[0m[1m[38;5;12m9[0m[0m [0m[0m[1m[38;5;12m|[0m[0m [0m[0mlet value = domain.sample(&mut rng);[0m
[0m    [0m[0m[1m[38;5;12m|[0m[0m                    [0m[0m[1m[38;5;9m^^^^^^[0m[0m [0m[0m[1m[38;5;9mmethod not found in `Bounded<f64>`[0m
[0m    [0m[0m[1m[38;5;12m|[0m
[0m   [0m[0m[1m[38;5;12m::: [0m[0m/home/thomas/4_Github/tantale/core/src/domain.rs:203:8[0m
[0m    [0m[0m[1m[38;5;12m|[0m
[0m[1m[38;5;12m203[0m[0m [0m[0m[1m[38;5;12m|[0m[0m [0m[0m    fn sample<R: Rng>(&self, rng: &mut R) -> Self::TypeDom;[0m
[0m    [0m[0m[1m[38;5;12m|[0m[0m        [0m[0m[1m[38;5;12m------[0m[0m [0m[0m[1m[38;5;12mthe method is available for `Bounded<f64>` here[0m
[0m    [0m[0m[1m[38;5;12m|[0m
[0m    [0m[0m[1m[38;5;12m= [0m[0m[1mhelp[0m[0m: items from traits can only be used if the trait is in scope[0m
[0m[1m[38;5;14mhelp[0m[0m: one of the expressions' fields has a method of the same name[0m
[0m    [0m[0m[1m[38;5;12m|[0m
[0m  [0m[0m[1m[38;5;12m9[0m[0m [0m[0m[1m[38;5;12m| [0m[0mlet value = domain.[0m[0m[38;5;10msampler.[0m[0msample(&mut rng);[0m
[0m    [0m[0m[1m[38;5;12m|[0m[0m                    [0m[0m[38;5;10m++++++++[0m
[0m[1m[38;5;14mhelp[0m[0m: trait `Domain` which provides `sample` is implemented but not in scope; perhaps you want to import it[0m
[0m    [0m[0m[1m[38;5;12m|[0m
[0m  [0m[0m[1m[38;5;12m2[0m[0m [0m[0m[38;5;10m+ use tantale::tantale_core::Domain;[0m
[0m    [0m[0m[1m[38;5;12m|[0m

[0m[1m[38;5;9merror[E0599][0m[0m[1m: no method named `is_in` found for struct `Bounded<T>` in the current scope[0m
[0m   [0m[0m[1m[38;5;12m--> [0m[0mcore/src/sampler.rs:83:16[0m
[0m    [0m[0m[1m[38;5;12m|[0m
[0m [0m[0m[1m[38;5;12m10[0m[0m [0m[0m[1m[38;5;12m|[0m[0m [0m[0massert!(domain.is_in(&value));[0m
[0m    [0m[0m[1m[38;5;12m|[0m[0m                [0m[0m[1m[38;5;9m^^^^^[0m[0m [0m[0m[1m[38;5;9mmethod not found in `Bounded<f64>`[0m
[0m    [0m[0m[1m[38;5;12m|[0m
[0m   [0m[0m[1m[38;5;12m::: [0m[0m/home/thomas/4_Github/tantale/core/src/domain.rs:208:8[0m
[0m    [0m[0m[1m[38;5;12m|[0m
[0m[1m[38;5;12m208[0m[0m [0m[0m[1m[38;5;12m|[0m[0m [0m[0m    fn is_in(&self, point: &Self::TypeDom) -> bool;[0m
[0m    [0m[0m[1m[38;5;12m|[0m[0m        [0m[0m[1m[38;5;12m-----[0m[0m [0m[0m[1m[38;5;12mthe method is available for `Bounded<f64>` here[0m
[0m    [0m[0m[1m[38;5;12m|[0m
[0m    [0m[0m[1m[38;5;12m= [0m[0m[1mhelp[0m[0m: items from traits can only be used if the trait is in scope[0m
[0m[1m[38;5;14mhelp[0m[0m: trait `Domain` which provides `is_in` is implemented but not in scope; perhaps you want to import it[0m
[0m    [0m[0m[1m[38;5;12m|[0m
[0m  [0m[0m[1m[38;5;12m2[0m[0m [0m[0m[38;5;10m+ use tantale::tantale_core::Domain;[0m
[0m    [0m[0m[1m[38;5;12m|[0m

[0m[1m[38;5;9merror[0m[0m[1m: aborting due to 2 previous errors[0m

[0m[1mFor more information about this error, try `rustc --explain E0599`.[0m
Couldn't compile the test.
---- core/src/objective/obj.rs - objective::obj (line 62) stdout ----
[0m[1m[38;5;9merror[E0432][0m[0m[1m: unresolved import `tantale::macros::FnState`[0m
[0m [0m[0m[1m[38;5;12m--> [0m[0mcore/src/objective/obj.rs:65:43[0m
[0m  [0m[0m[1m[38;5;12m|[0m
[0m[1m[38;5;12m5[0m[0m [0m[0m[1m[38;5;12m|[0m[0m [0m[0m use tantale::macros::{Outcome, objective,FnState};[0m
[0m  [0m[0m[1m[38;5;12m|[0m[0m                                           [0m[0m[1m[38;5;9m^^^^^^^[0m
[0m  [0m[0m[1m[38;5;12m|[0m[0m                                           [0m[0m[1m[38;5;9m|[0m
[0m  [0m[0m[1m[38;5;12m|[0m[0m                                           [0m[0m[1m[38;5;9mno `FnState` in the root[0m
[0m  [0m[0m[1m[38;5;12m|[0m[0m                                           [0m[0m[1m[38;5;9mhelp: a similar name exists in the module: `FuncState`[0m

[0m[1m[38;5;9merror[0m[0m[1m: cannot find derive macro `FuncState` in this scope[0m
[0m  [0m[0m[1m[38;5;12m--> [0m[0mcore/src/objective/obj.rs:81:11[0m
[0m   [0m[0m[1m[38;5;12m|[0m
[0m[1m[38;5;12m21[0m[0m [0m[0m[1m[38;5;12m|[0m[0m [0m[0m #[derive(FuncState,Serialize, Deserialize)][0m
[0m   [0m[0m[1m[38;5;12m|[0m[0m           [0m[0m[1m[38;5;9m^^^^^^^^^[0m

[0m[1m[38;5;9merror[E0412][0m[0m[1m: cannot find type `EvalStep` in this scope[0m
[0m  [0m[0m[1m[38;5;12m--> [0m[0mcore/src/objective/obj.rs:78:16[0m
[0m   [0m[0m[1m[38;5;12m|[0m
[0m[1m[38;5;12m18[0m[0m [0m[0m[1m[38;5;12m|[0m[0m [0m[0m     pub step: EvalStep,[0m
[0m   [0m[0m[1m[38;5;12m|[0m[0m                [0m[0m[1m[38;5;9m^^^^^^^^[0m[0m [0m[0m[1m[38;5;9mnot found in this scope[0m
[0m   [0m[0m[1m[38;5;12m|[0m
[0m[1m[38;5;14mhelp[0m[0m: consider importing this struct[0m
[0m   [0m[0m[1m[38;5;12m|[0m
[0m [0m[0m[1m[38;5;12m2[0m[0m [0m[0m[38;5;10m+ use tantale_core::EvalStep;[0m
[0m   [0m[0m[1m[38;5;12m|[0m

[0m[1m[38;5;9merror[E0425][0m[0m[1m: cannot find value `state` in this scope[0m
[0m  [0m[0m[1m[38;5;12m--> [0m[0mcore/src/objective/obj.rs:96:31[0m
[0m   [0m[0m[1m[38;5;12m|[0m
[0m[1m[38;5;12m36[0m[0m [0m[0m[1m[38;5;12m|[0m[0m [0m[0m        let mut state = match state{[0m
[0m   [0m[0m[1m[38;5;12m|[0m[0m                               [0m[0m[1m[38;5;9m^^^^^[0m[0m [0m[0m[1m[38;5;9mnot found in this scope[0m

[0m[1m[38;5;9merror[E0433][0m[0m[1m: failed to resolve: use of undeclared type `Step`[0m
[0m  [0m[0m[1m[38;5;12m--> [0m[0mcore/src/objective/obj.rs:101:47[0m
[0m   [0m[0m[1m[38;5;12m|[0m
[0m[1m[38;5;12m41[0m[0m [0m[0m[1m[38;5;12m|[0m[0m [0m[0m         let evalstate = if state.state == 5 {Step::Evaluated.into()} else{Step::Partially(state.state).into()};[0m
[0m   [0m[0m[1m[38;5;12m|[0m[0m                                               [0m[0m[1m[38;5;9m^^^^[0m[0m [0m[0m[1m[38;5;9muse of undeclared type `Step`[0m
[0m   [0m[0m[1m[38;5;12m|[0m
[0m[1m[38;5;14mhelp[0m[0m: consider importing one of these items[0m
[0m   [0m[0m[1m[38;5;12m|[0m
[0m [0m[0m[1m[38;5;12m2[0m[0m [0m[0m[38;5;10m+ use std::range::Step;[0m
[0m   [0m[0m[1m[38;5;12m|[0m
[0m [0m[0m[1m[38;5;12m2[0m[0m [0m[0m[38;5;10m+ use tantale_core::Step;[0m
[0m   [0m[0m[1m[38;5;12m|[0m

[0m[1m[38;5;9merror[E0433][0m[0m[1m: failed to resolve: use of undeclared type `Step`[0m
[0m  [0m[0m[1m[38;5;12m--> [0m[0mcore/src/objective/obj.rs:101:76[0m
[0m   [0m[0m[1m[38;5;12m|[0m
[0m[1m[38;5;12m41[0m[0m [0m[0m[1m[38;5;12m|[0m[0m [0m[0m         let evalstate = if state.state == 5 {Step::Evaluated.into()} else{Step::Partially(state.state).into()};[0m
[0m   [0m[0m[1m[38;5;12m|[0m[0m                                                                            [0m[0m[1m[38;5;9m^^^^[0m[0m [0m[0m[1m[38;5;9muse of undeclared type `Step`[0m
[0m   [0m[0m[1m[38;5;12m|[0m
[0m[1m[38;5;14mhelp[0m[0m: consider importing one of these items[0m
[0m   [0m[0m[1m[38;5;12m|[0m
[0m [0m[0m[1m[38;5;12m2[0m[0m [0m[0m[38;5;10m+ use std::range::Step;[0m
[0m   [0m[0m[1m[38;5;12m|[0m
[0m [0m[0m[1m[38;5;12m2[0m[0m [0m[0m[38;5;10m+ use tantale_core::Step;[0m
[0m   [0m[0m[1m[38;5;12m|[0m

[0m[1m[38;5;9merror[E0422][0m[0m[1m: cannot find struct, variant or union type `FidOutExample` in this scope[0m
[0m  [0m[0m[1m[38;5;12m--> [0m[0mcore/src/objective/obj.rs:103:13[0m
[0m   [0m[0m[1m[38;5;12m|[0m
[0m [0m[0m[1m[38;5;12m8[0m[0m [0m[0m[1m[38;5;12m|[0m[0m [0m[0m pub struct OutExample {[0m
[0m   [0m[0m[1m[38;5;12m|[0m[0m  [0m[0m[1m[38;5;12m---------------------[0m[0m [0m[0m[1m[38;5;12msimilarly named struct `OutExample` defined here[0m
[0m[1m[38;5;12m...[0m
[0m[1m[38;5;12m43[0m[0m [0m[0m[1m[38;5;12m|[0m[0m [0m[0m            FidOutExample{[0m
[0m   [0m[0m[1m[38;5;12m|[0m[0m             [0m[0m[1m[38;5;9m^^^^^^^^^^^^^[0m[0m [0m[0m[1m[38;5;9mhelp: a struct with a similar name exists: `OutExample`[0m

[0m[1m[38;5;9merror[E0277][0m[0m[1m: the trait bound `OutExample: FidOutcome` is not satisfied[0m
[0m   [0m[0m[1m[38;5;12m--> [0m[0mcore/src/objective/obj.rs:86:2[0m
[0m    [0m[0m[1m[38;5;12m|[0m
[0m [0m[0m[1m[38;5;12m26[0m[0m [0m[0m[1m[38;5;12m|[0m[0m [0m[0m[1m[38;5;9m/[0m[0m [0m[0m objective!([0m
[0m [0m[0m[1m[38;5;12m27[0m[0m [0m[0m[1m[38;5;12m|[0m[0m [0m[0m[1m[38;5;9m|[0m[0m [0m[0m     pub fn example<'a>() -> (OutExample,FnState) {[0m
[0m [0m[0m[1m[38;5;12m28[0m[0m [0m[0m[1m[38;5;12m|[0m[0m [0m[0m[1m[38;5;9m|[0m[0m [0m[0m        let a = [! a | Real(0.0,5.0,Uniform) | !];[0m
[0m [0m[0m[1m[38;5;12m29[0m[0m [0m[0m[1m[38;5;12m|[0m[0m [0m[0m[1m[38;5;9m|[0m[0m [0m[0m        let aa = [! aa_{10} | Real(-5.0,0.0,Uniform) | Int(0,100,Uniform) !];[0m
[0m[1m[38;5;12m...[0m[0m   [0m[0m[1m[38;5;9m|[0m
[0m [0m[0m[1m[38;5;12m58[0m[0m [0m[0m[1m[38;5;12m|[0m[0m [0m[0m[1m[38;5;9m|[0m[0m [0m[0m );[0m
[0m    [0m[0m[1m[38;5;12m|[0m[0m [0m[0m[1m[38;5;9m|__^[0m[0m [0m[0m[1m[38;5;9munsatisfied trait bound[0m
[0m    [0m[0m[1m[38;5;12m|[0m
[0m[1m[38;5;14mhelp[0m[0m: the trait `FidOutcome` is not implemented for `OutExample`[0m
[0m   [0m[0m[1m[38;5;12m--> [0m[0mcore/src/objective/obj.rs:68:2[0m
[0m    [0m[0m[1m[38;5;12m|[0m
[0m  [0m[0m[1m[38;5;12m8[0m[0m [0m[0m[1m[38;5;12m|[0m[0m [0m[0m pub struct OutExample {[0m
[0m    [0m[0m[1m[38;5;12m|[0m[0m  [0m[0m[1m[38;5;14m^^^^^^^^^^^^^^^^^^^^^[0m
[0m[1m[38;5;10mnote[0m[0m: required by a bound in `Stepped`[0m
[0m   [0m[0m[1m[38;5;12m--> [0m[0m/home/thomas/4_Github/tantale/core/src/objective/obj.rs:200:10[0m
[0m    [0m[0m[1m[38;5;12m|[0m
[0m[1m[38;5;12m197[0m[0m [0m[0m[1m[38;5;12m|[0m[0m [0m[0mpub struct Stepped<Raw, Out, FnState>(pub SteppFn<Raw, Out, FnState>)[0m
[0m    [0m[0m[1m[38;5;12m|[0m[0m            [0m[0m[1m[38;5;12m-------[0m[0m [0m[0m[1m[38;5;12mrequired by a bound in this struct[0m
[0m[1m[38;5;12m...[0m
[0m[1m[38;5;12m200[0m[0m [0m[0m[1m[38;5;12m|[0m[0m [0m[0m    Out: FidOutcome,[0m
[0m    [0m[0m[1m[38;5;12m|[0m[0m          [0m[0m[1m[38;5;10m^^^^^^^^^^[0m[0m [0m[0m[1m[38;5;10mrequired by this bound in `Stepped`[0m
[0m    [0m[0m[1m[38;5;12m= [0m[0m[1mnote[0m[0m: this error originates in the macro `objective` (in Nightly builds, run with -Z macro-backtrace for more info)[0m

[0m[1m[38;5;9merror[E0277][0m[0m[1m: the trait bound `FnState: FuncState` is not satisfied[0m
[0m   [0m[0m[1m[38;5;12m--> [0m[0mcore/src/objective/obj.rs:86:2[0m
[0m    [0m[0m[1m[38;5;12m|[0m
[0m [0m[0m[1m[38;5;12m26[0m[0m [0m[0m[1m[38;5;12m|[0m[0m [0m[0m[1m[38;5;9m/[0m[0m [0m[0m objective!([0m
[0m [0m[0m[1m[38;5;12m27[0m[0m [0m[0m[1m[38;5;12m|[0m[0m [0m[0m[1m[38;5;9m|[0m[0m [0m[0m     pub fn example<'a>() -> (OutExample,FnState) {[0m
[0m [0m[0m[1m[38;5;12m28[0m[0m [0m[0m[1m[38;5;12m|[0m[0m [0m[0m[1m[38;5;9m|[0m[0m [0m[0m        let a = [! a | Real(0.0,5.0,Uniform) | !];[0m
[0m [0m[0m[1m[38;5;12m29[0m[0m [0m[0m[1m[38;5;12m|[0m[0m [0m[0m[1m[38;5;9m|[0m[0m [0m[0m        let aa = [! aa_{10} | Real(-5.0,0.0,Uniform) | Int(0,100,Uniform) !];[0m
[0m[1m[38;5;12m...[0m[0m   [0m[0m[1m[38;5;9m|[0m
[0m [0m[0m[1m[38;5;12m58[0m[0m [0m[0m[1m[38;5;12m|[0m[0m [0m[0m[1m[38;5;9m|[0m[0m [0m[0m );[0m
[0m    [0m[0m[1m[38;5;12m|[0m[0m [0m[0m[1m[38;5;9m|__^[0m[0m [0m[0m[1m[38;5;9munsatisfied trait bound[0m
[0m    [0m[0m[1m[38;5;12m|[0m
[0m[1m[38;5;14mhelp[0m[0m: the trait `FuncState` is not implemented for `FnState`[0m
[0m   [0m[0m[1m[38;5;12m--> [0m[0mcore/src/objective/obj.rs:82:2[0m
[0m    [0m[0m[1m[38;5;12m|[0m
[0m [0m[0m[1m[38;5;12m22[0m[0m [0m[0m[1m[38;5;12m|[0m[0m [0m[0m pub struct FnState {[0m
[0m    [0m[0m[1m[38;5;12m|[0m[0m  [0m[0m[1m[38;5;14m^^^^^^^^^^^^^^^^^^[0m
[0m[1m[38;5;10mnote[0m[0m: required by a bound in `Stepped`[0m
[0m   [0m[0m[1m[38;5;12m--> [0m[0m/home/thomas/4_Github/tantale/core/src/objective/obj.rs:201:14[0m
[0m    [0m[0m[1m[38;5;12m|[0m
[0m[1m[38;5;12m197[0m[0m [0m[0m[1m[38;5;12m|[0m[0m [0m[0mpub struct Stepped<Raw, Out, FnState>(pub SteppFn<Raw, Out, FnState>)[0m
[0m    [0m[0m[1m[38;5;12m|[0m[0m            [0m[0m[1m[38;5;12m-------[0m[0m [0m[0m[1m[38;5;12mrequired by a bound in this struct[0m
[0m[1m[38;5;12m...[0m
[0m[1m[38;5;12m201[0m[0m [0m[0m[1m[38;5;12m|[0m[0m [0m[0m    FnState: FuncState;[0m
[0m    [0m[0m[1m[38;5;12m|[0m[0m              [0m[0m[1m[38;5;10m^^^^^^^^^[0m[0m [0m[0m[1m[38;5;10mrequired by this bound in `Stepped`[0m
[0m    [0m[0m[1m[38;5;12m= [0m[0m[1mnote[0m[0m: this error originates in the macro `objective` (in Nightly builds, run with -Z macro-backtrace for more info)[0m

[0m[1m[38;5;9merror[E0425][0m[0m[1m: cannot find function `plus_one_int` in this scope[0m
[0m  [0m[0m[1m[38;5;12m--> [0m[0mcore/src/objective/obj.rs:94:24[0m
[0m   [0m[0m[1m[38;5;12m|[0m
[0m[1m[38;5;12m34[0m[0m [0m[0m[1m[38;5;12m|[0m[0m [0m[0m        let some_int = plus_one_int([! intvar | Int(-10,0,Uniform) | !]);[0m
[0m   [0m[0m[1m[38;5;12m|[0m[0m                        [0m[0m[1m[38;5;9m^^^^^^^^^^^^[0m[0m [0m[0m[1m[38;5;9mnot found in this scope[0m

[0m[1m[38;5;9merror[E0277][0m[0m[1m: the trait bound `OutExample: FidOutcome` is not satisfied[0m
[0m   [0m[0m[1m[38;5;12m--> [0m[0mcore/src/objective/obj.rs:87:13[0m
[0m    [0m[0m[1m[38;5;12m|[0m
[0m [0m[0m[1m[38;5;12m26[0m[0m [0m[0m[1m[38;5;12m|[0m[0m [0m[0m[1m[38;5;12m/[0m[0m [0m[0m objective!([0m
[0m [0m[0m[1m[38;5;12m27[0m[0m [0m[0m[1m[38;5;12m|[0m[0m [0m[0m[1m[38;5;12m|[0m[0m [0m[0m     pub fn example<'a>() -> (OutExample,FnState) {[0m
[0m    [0m[0m[1m[38;5;12m|[0m[0m [0m[0m[1m[38;5;12m|[0m[0m             [0m[0m[1m[38;5;9m^^^^^^^[0m[0m [0m[0m[1m[38;5;9munsatisfied trait bound[0m
[0m [0m[0m[1m[38;5;12m28[0m[0m [0m[0m[1m[38;5;12m|[0m[0m [0m[0m[1m[38;5;12m|[0m[0m [0m[0m        let a = [! a | Real(0.0,5.0,Uniform) | !];[0m
[0m [0m[0m[1m[38;5;12m29[0m[0m [0m[0m[1m[38;5;12m|[0m[0m [0m[0m[1m[38;5;12m|[0m[0m [0m[0m        let aa = [! aa_{10} | Real(-5.0,0.0,Uniform) | Int(0,100,Uniform) !];[0m
[0m[1m[38;5;12m...[0m[0m   [0m[0m[1m[38;5;12m|[0m
[0m [0m[0m[1m[38;5;12m58[0m[0m [0m[0m[1m[38;5;12m|[0m[0m [0m[0m[1m[38;5;12m|[0m[0m [0m[0m );[0m
[0m    [0m[0m[1m[38;5;12m|[0m[0m [0m[0m[1m[38;5;12m|__-[0m[0m [0m[0m[1m[38;5;12mrequired by a bound introduced by this call[0m
[0m    [0m[0m[1m[38;5;12m|[0m
[0m[1m[38;5;14mhelp[0m[0m: the trait `FidOutcome` is not implemented for `OutExample`[0m
[0m   [0m[0m[1m[38;5;12m--> [0m[0mcore/src/objective/obj.rs:68:2[0m
[0m    [0m[0m[1m[38;5;12m|[0m
[0m  [0m[0m[1m[38;5;12m8[0m[0m [0m[0m[1m[38;5;12m|[0m[0m [0m[0m pub struct OutExample {[0m
[0m    [0m[0m[1m[38;5;12m|[0m[0m  [0m[0m[1m[38;5;14m^^^^^^^^^^^^^^^^^^^^^[0m
[0m[1m[38;5;10mnote[0m[0m: required by a bound in `Stepped::<Raw, Out, FnState>::new`[0m
[0m   [0m[0m[1m[38;5;12m--> [0m[0m/home/thomas/4_Github/tantale/core/src/objective/obj.rs:206:10[0m
[0m    [0m[0m[1m[38;5;12m|[0m
[0m[1m[38;5;12m206[0m[0m [0m[0m[1m[38;5;12m|[0m[0m [0m[0m    Out: FidOutcome,[0m
[0m    [0m[0m[1m[38;5;12m|[0m[0m          [0m[0m[1m[38;5;10m^^^^^^^^^^[0m[0m [0m[0m[1m[38;5;10mrequired by this bound in `Stepped::<Raw, Out, FnState>::new`[0m
[0m[1m[38;5;12m...[0m
[0m[1m[38;5;12m217[0m[0m [0m[0m[1m[38;5;12m|[0m[0m [0m[0m    pub fn new(func: SteppFn<Raw, Out, FnState>) -> Self {[0m
[0m    [0m[0m[1m[38;5;12m|[0m[0m            [0m[0m[1m[38;5;12m---[0m[0m [0m[0m[1m[38;5;12mrequired by a bound in this associated function[0m

[0m[1m[38;5;9merror[E0277][0m[0m[1m: the trait bound `FnState: FuncState` is not satisfied[0m
[0m   [0m[0m[1m[38;5;12m--> [0m[0mcore/src/objective/obj.rs:87:13[0m
[0m    [0m[0m[1m[38;5;12m|[0m
[0m [0m[0m[1m[38;5;12m26[0m[0m [0m[0m[1m[38;5;12m|[0m[0m [0m[0m[1m[38;5;12m/[0m[0m [0m[0m objective!([0m
[0m [0m[0m[1m[38;5;12m27[0m[0m [0m[0m[1m[38;5;12m|[0m[0m [0m[0m[1m[38;5;12m|[0m[0m [0m[0m     pub fn example<'a>() -> (OutExample,FnState) {[0m
[0m    [0m[0m[1m[38;5;12m|[0m[0m [0m[0m[1m[38;5;12m|[0m[0m             [0m[0m[1m[38;5;9m^^^^^^^[0m[0m [0m[0m[1m[38;5;9munsatisfied trait bound[0m
[0m [0m[0m[1m[38;5;12m28[0m[0m [0m[0m[1m[38;5;12m|[0m[0m [0m[0m[1m[38;5;12m|[0m[0m [0m[0m        let a = [! a | Real(0.0,5.0,Uniform) | !];[0m
[0m [0m[0m[1m[38;5;12m29[0m[0m [0m[0m[1m[38;5;12m|[0m[0m [0m[0m[1m[38;5;12m|[0m[0m [0m[0m        let aa = [! aa_{10} | Real(-5.0,0.0,Uniform) | Int(0,100,Uniform) !];[0m
[0m[1m[38;5;12m...[0m[0m   [0m[0m[1m[38;5;12m|[0m
[0m [0m[0m[1m[38;5;12m58[0m[0m [0m[0m[1m[38;5;12m|[0m[0m [0m[0m[1m[38;5;12m|[0m[0m [0m[0m );[0m
[0m    [0m[0m[1m[38;5;12m|[0m[0m [0m[0m[1m[38;5;12m|__-[0m[0m [0m[0m[1m[38;5;12mrequired by a bound introduced by this call[0m
[0m    [0m[0m[1m[38;5;12m|[0m
[0m[1m[38;5;14mhelp[0m[0m: the trait `FuncState` is not implemented for `FnState`[0m
[0m   [0m[0m[1m[38;5;12m--> [0m[0mcore/src/objective/obj.rs:82:2[0m
[0m    [0m[0m[1m[38;5;12m|[0m
[0m [0m[0m[1m[38;5;12m22[0m[0m [0m[0m[1m[38;5;12m|[0m[0m [0m[0m pub struct FnState {[0m
[0m    [0m[0m[1m[38;5;12m|[0m[0m  [0m[0m[1m[38;5;14m^^^^^^^^^^^^^^^^^^[0m
[0m[1m[38;5;10mnote[0m[0m: required by a bound in `Stepped::<Raw, Out, FnState>::new`[0m
[0m   [0m[0m[1m[38;5;12m--> [0m[0m/home/thomas/4_Github/tantale/core/src/objective/obj.rs:207:14[0m
[0m    [0m[0m[1m[38;5;12m|[0m
[0m[1m[38;5;12m207[0m[0m [0m[0m[1m[38;5;12m|[0m[0m [0m[0m    FnState: FuncState,[0m
[0m    [0m[0m[1m[38;5;12m|[0m[0m              [0m[0m[1m[38;5;10m^^^^^^^^^[0m[0m [0m[0m[1m[38;5;10mrequired by this bound in `Stepped::<Raw, Out, FnState>::new`[0m
[0m[1m[38;5;12m...[0m
[0m[1m[38;5;12m217[0m[0m [0m[0m[1m[38;5;12m|[0m[0m [0m[0m    pub fn new(func: SteppFn<Raw, Out, FnState>) -> Self {[0m
[0m    [0m[0m[1m[38;5;12m|[0m[0m            [0m[0m[1m[38;5;12m---[0m[0m [0m[0m[1m[38;5;12mrequired by a bound in this associated function[0m

[0m[1m[38;5;9merror[0m[0m[1m: aborting due to 12 previous errors[0m

[0m[1mSome errors have detailed explanations: E0277, E0412, E0422, E0425, E0432, E0433.[0m
[0m[1mFor more information about an error, try `rustc --explain E0277`.[0m
Couldn't compile the test.
---- core/src/searchspace.rs - searchspace::Searchspace::is_in_obj (line 459) stdout ----
[0m[1m[38;5;9merror[E0412][0m[0m[1m: cannot find type `Real` in this scope[0m
[0m  [0m[0m[1m[38;5;12m--> [0m[0mcore/src/searchspace.rs:478:19[0m
[0m   [0m[0m[1m[38;5;12m|[0m
[0m[1m[38;5;12m21[0m[0m [0m[0m[1m[38;5;12m|[0m[0m [0m[0mlet sp: Sp<Mixed, Real> = sp::get_searchspace();[0m
[0m   [0m[0m[1m[38;5;12m|[0m[0m                   [0m[0m[1m[38;5;9m^^^^[0m[0m [0m[0m[1m[38;5;9mnot found in this scope[0m
[0m   [0m[0m[1m[38;5;12m|[0m
[0m[1m[38;5;14mhelp[0m[0m: consider importing one of these items[0m
[0m   [0m[0m[1m[38;5;12m|[0m
[0m [0m[0m[1m[38;5;12m2[0m[0m [0m[0m[38;5;10m+ use num::traits::real::Real;[0m
[0m   [0m[0m[1m[38;5;12m|[0m
[0m [0m[0m[1m[38;5;12m2[0m[0m [0m[0m[38;5;10m+ use tantale_core::Real;[0m
[0m   [0m[0m[1m[38;5;12m|[0m

[0m[1m[38;5;9merror[0m[0m[1m: aborting due to 1 previous error[0m

[0m[1mFor more information about this error, try `rustc --explain E0412`.[0m
Couldn't compile the test.
---- core/src/searchspace.rs - searchspace::Searchspace::onto_obj (line 288) stdout ----
[0m[1m[38;5;9merror[E0412][0m[0m[1m: cannot find type `Real` in this scope[0m
[0m  [0m[0m[1m[38;5;12m--> [0m[0mcore/src/searchspace.rs:307:19[0m
[0m   [0m[0m[1m[38;5;12m|[0m
[0m[1m[38;5;12m21[0m[0m [0m[0m[1m[38;5;12m|[0m[0m [0m[0mlet sp: Sp<Mixed, Real> = sp::get_searchspace();[0m
[0m   [0m[0m[1m[38;5;12m|[0m[0m                   [0m[0m[1m[38;5;9m^^^^[0m[0m [0m[0m[1m[38;5;9mnot found in this scope[0m
[0m   [0m[0m[1m[38;5;12m|[0m
[0m[1m[38;5;14mhelp[0m[0m: consider importing one of these items[0m
[0m   [0m[0m[1m[38;5;12m|[0m
[0m [0m[0m[1m[38;5;12m2[0m[0m [0m[0m[38;5;10m+ use num::traits::real::Real;[0m
[0m   [0m[0m[1m[38;5;12m|[0m
[0m [0m[0m[1m[38;5;12m2[0m[0m [0m[0m[38;5;10m+ use tantale_core::Real;[0m
[0m   [0m[0m[1m[38;5;12m|[0m

[0m[1m[38;5;9merror[0m[0m[1m: aborting due to 1 previous error[0m

[0m[1mFor more information about this error, try `rustc --explain E0412`.[0m
Couldn't compile the test.
---- core/src/searchspace.rs - searchspace::Searchspace::vec_apply_obj (line 803) stdout ----
[0m[1m[38;5;9merror[E0284][0m[0m[1m: type annotations needed[0m
[0m  [0m[0m[1m[38;5;12m--> [0m[0mcore/src/searchspace.rs:823:56[0m
[0m   [0m[0m[1m[38;5;12m|[0m
[0m[1m[38;5;12m22[0m[0m [0m[0m[1m[38;5;12m|[0m[0m [0m[0mlet sols: Vec<FidelitySol<SId, Mixed, EmptyInfo>> = sp.vec_apply_obj([0m
[0m   [0m[0m[1m[38;5;12m|[0m[0m                                                        [0m[0m[1m[38;5;9m^^^^^^^^^^^^^[0m
[0m   [0m[0m[1m[38;5;12m|[0m
[0m   [0m[0m[1m[38;5;12m= [0m[0m[1mnote[0m[0m: cannot satisfy `<_ as Solution<_, ..., ...>>::Twin<...> == FidelitySol<SId, ..., ...>`[0m
[0m   [0m[0m[1m[38;5;12m= [0m[0m[1mnote[0m[0m: the full name for the type has been written to '/tmp/rustdoctest0b9lXQ/rust_out.long-type-1921416646947907031.txt'[0m
[0m   [0m[0m[1m[38;5;12m= [0m[0m[1mnote[0m[0m: consider using `--verbose` to print the full type name to the console[0m
[0m[1m[38;5;14mhelp[0m[0m: try using a fully qualified path to specify the expected types[0m
[0m   [0m[0m[1m[38;5;12m|[0m
[0m[1m[38;5;12m22[0m[0m [0m[0m[38;5;9m- let [0m[0msols: Vec<FidelitySol<SId, Mixed, EmptyInfo>> = sp.vec_apply_obj([0m
[0m[1m[38;5;12m22[0m[0m [0m[0m[38;5;10m+ [0m[0mlet sols: Vec<FidelitySol<SId, Mixed, EmptyInfo>> = [0m[0m[38;5;10m<Sp<Mixed, Bounded<f64>> as Searchspace<SolOpt, SolId, EmptyInfo>>::vec_apply_obj::<_, ThreadRng>(&[0m[0msp[0m[0m[38;5;10m, [0m[0m|sol: FidelitySol<SId, Mixed, EmptyInfo>| sol.set_fidelity(1.0),[0m
[0m   [0m[0m[1m[38;5;12m|[0m

[0m[1m[38;5;9merror[E0283][0m[0m[1m: type annotations needed[0m
[0m  [0m[0m[1m[38;5;12m--> [0m[0mcore/src/searchspace.rs:823:56[0m
[0m   [0m[0m[1m[38;5;12m|[0m
[0m[1m[38;5;12m22[0m[0m [0m[0m[1m[38;5;12m|[0m[0m [0m[0mlet sols: Vec<FidelitySol<SId, Mixed, EmptyInfo>> = sp.vec_apply_obj([0m
[0m   [0m[0m[1m[38;5;12m|[0m[0m                                                        [0m[0m[1m[38;5;9m^^^^^^^^^^^^^[0m
[0m   [0m[0m[1m[38;5;12m|[0m
[0m   [0m[0m[1m[38;5;12m= [0m[0m[1mnote[0m[0m: multiple `impl`s satisfying `_: Uncomputed<_, Bounded<f64>, EmptyInfo>` found in the `tantale_core` crate:[0m
[0m           - impl<SolId, Dom, Info> Uncomputed<SolId, Dom, Info> for BaseSol<SolId, Dom, Info>[0m
[0m             where Dom: Domain, Info: SolInfo, SolId: Id;[0m
[0m           - impl<SolId, Dom, Info> Uncomputed<SolId, Dom, Info> for FidelitySol<SolId, Dom, Info>[0m
[0m             where Dom: Domain, Info: SolInfo, SolId: Id;[0m
[0m   [0m[0m[1m[38;5;12m= [0m[0m[1mnote[0m[0m: required for `Sp<Mixed, Bounded<f64>>` to implement `Searchspace<_, _, EmptyInfo>`[0m
[0m[1m[38;5;14mhelp[0m[0m: try using a fully qualified path to specify the expected types[0m
[0m   [0m[0m[1m[38;5;12m|[0m
[0m[1m[38;5;12m22[0m[0m [0m[0m[38;5;9m- let [0m[0msols: Vec<FidelitySol<SId, Mixed, EmptyInfo>> = sp.vec_apply_obj([0m
[0m[1m[38;5;12m22[0m[0m [0m[0m[38;5;10m+ [0m[0mlet sols: Vec<FidelitySol<SId, Mixed, EmptyInfo>> = [0m[0m[38;5;10m<Sp<Mixed, Bounded<f64>> as Searchspace<SolOpt, SolId, EmptyInfo>>::vec_apply_obj::<_, ThreadRng>(&[0m[0msp[0m[0m[38;5;10m, [0m[0m|sol: FidelitySol<SId, Mixed, EmptyInfo>| sol.set_fidelity(1.0),[0m
[0m   [0m[0m[1m[38;5;12m|[0m

[0m[1m[38;5;9merror[E0283][0m[0m[1m: type annotations needed[0m
[0m  [0m[0m[1m[38;5;12m--> [0m[0mcore/src/searchspace.rs:823:56[0m
[0m   [0m[0m[1m[38;5;12m|[0m
[0m[1m[38;5;12m22[0m[0m [0m[0m[1m[38;5;12m|[0m[0m [0m[0mlet sols: Vec<FidelitySol<SId, Mixed, EmptyInfo>> = sp.vec_apply_obj([0m
[0m   [0m[0m[1m[38;5;12m|[0m[0m                                                        [0m[0m[1m[38;5;9m^^^^^^^^^^^^^[0m[0m [0m[0m[1m[38;5;9mcannot infer type[0m
[0m   [0m[0m[1m[38;5;12m|[0m
[0m   [0m[0m[1m[38;5;12m= [0m[0m[1mnote[0m[0m: multiple `impl`s satisfying `_: Uncomputed<_, Mixed, EmptyInfo>` found in the `tantale_core` crate:[0m
[0m           - impl<SolId, Dom, Info> Uncomputed<SolId, Dom, Info> for BaseSol<SolId, Dom, Info>[0m
[0m             where Dom: Domain, Info: SolInfo, SolId: Id;[0m
[0m           - impl<SolId, Dom, Info> Uncomputed<SolId, Dom, Info> for FidelitySol<SolId, Dom, Info>[0m
[0m             where Dom: Domain, Info: SolInfo, SolId: Id;[0m
[0m   [0m[0m[1m[38;5;12m= [0m[0m[1mnote[0m[0m: required for `Sp<Mixed, Bounded<f64>>` to implement `Searchspace<_, _, EmptyInfo>`[0m

[0m[1m[38;5;9merror[0m[0m[1m: aborting due to 3 previous errors[0m

[0m[1mSome errors have detailed explanations: E0283, E0284.[0m
[0m[1mFor more information about an error, try `rustc --explain E0283`.[0m
Couldn't compile the test.
---- core/src/searchspace.rs - searchspace::Searchspace::is_in_opt (line 506) stdout ----
[0m[1m[38;5;9merror[E0412][0m[0m[1m: cannot find type `Mixed` in this scope[0m
[0m  [0m[0m[1m[38;5;12m--> [0m[0mcore/src/searchspace.rs:525:12[0m
[0m   [0m[0m[1m[38;5;12m|[0m
[0m[1m[38;5;12m21[0m[0m [0m[0m[1m[38;5;12m|[0m[0m [0m[0mlet sp: Sp<Mixed, Real> = sp::get_searchspace();[0m
[0m   [0m[0m[1m[38;5;12m|[0m[0m            [0m[0m[1m[38;5;9m^^^^^[0m[0m [0m[0m[1m[38;5;9mnot found in this scope[0m
[0m   [0m[0m[1m[38;5;12m|[0m
[0m[1m[38;5;14mhelp[0m[0m: consider importing this enum[0m
[0m   [0m[0m[1m[38;5;12m|[0m
[0m [0m[0m[1m[38;5;12m2[0m[0m [0m[0m[38;5;10m+ use tantale_core::Mixed;[0m
[0m   [0m[0m[1m[38;5;12m|[0m

[0m[1m[38;5;9merror[0m[0m[1m: aborting due to 1 previous error[0m

[0m[1mFor more information about this error, try `rustc --explain E0412`.[0m
Couldn't compile the test.
---- core/src/searchspace.rs - searchspace (line 100) stdout ----
[0m[1m[38;5;9merror[E0277][0m[0m[1m: `OutStruct` doesn't implement `Debug`[0m
[0m   [0m[0m[1m[38;5;12m--> [0m[0mcore/src/searchspace.rs:109:16[0m
[0m    [0m[0m[1m[38;5;12m|[0m
[0m [0m[0m[1m[38;5;12m11[0m[0m [0m[0m[1m[38;5;12m|[0m[0m [0m[0m    pub struct OutStruct{pub out:f64}[0m
[0m    [0m[0m[1m[38;5;12m|[0m[0m                [0m[0m[1m[38;5;9m^^^^^^^^^[0m[0m [0m[0m[1m[38;5;9mthe trait `Debug` is not implemented for `OutStruct`[0m
[0m    [0m[0m[1m[38;5;12m|[0m
[0m    [0m[0m[1m[38;5;12m= [0m[0m[1mnote[0m[0m: add `#[derive(Debug)]` to `OutStruct` or manually `impl Debug for OutStruct`[0m
[0m[1m[38;5;10mnote[0m[0m: required by a bound in `Outcome`[0m
[0m   [0m[0m[1m[38;5;12m--> [0m[0m/home/thomas/4_Github/tantale/core/src/objective/outcome.rs:110:19[0m
[0m    [0m[0m[1m[38;5;12m|[0m
[0m[1m[38;5;12m108[0m[0m [0m[0m[1m[38;5;12m|[0m[0m [0m[0mpub trait Outcome[0m
[0m    [0m[0m[1m[38;5;12m|[0m[0m           [0m[0m[1m[38;5;12m-------[0m[0m [0m[0m[1m[38;5;12mrequired by a bound in this trait[0m
[0m[1m[38;5;12m109[0m[0m [0m[0m[1m[38;5;12m|[0m[0m [0m[0mwhere[0m
[0m[1m[38;5;12m110[0m[0m [0m[0m[1m[38;5;12m|[0m[0m [0m[0m    Self: Sized + Debug + Serialize + for<'de> Deserialize<'de>,[0m
[0m    [0m[0m[1m[38;5;12m|[0m[0m                   [0m[0m[1m[38;5;10m^^^^^[0m[0m [0m[0m[1m[38;5;10mrequired by this bound in `Outcome`[0m
[0m[1m[38;5;14mhelp[0m[0m: consider annotating `OutStruct` with `#[derive(Debug)]`[0m
[0m    [0m[0m[1m[38;5;12m|[0m
[0m [0m[0m[1m[38;5;12m11[0m[0m [0m[0m[38;5;10m+ [0m[0m    [0m[0m[38;5;10m#[derive(Debug)][0m
[0m [0m[0m[1m[38;5;12m12[0m[0m [0m[0m[1m[38;5;12m| [0m[0m    pub struct OutStruct{pub out:f64}[0m
[0m    [0m[0m[1m[38;5;12m|[0m

[0m[1m[38;5;9merror[E0282][0m[0m[1m: type annotations needed[0m
[0m  [0m[0m[1m[38;5;12m--> [0m[0mcore/src/searchspace.rs:129:5[0m
[0m   [0m[0m[1m[38;5;12m|[0m
[0m[1m[38;5;12m31[0m[0m [0m[0m[1m[38;5;12m|[0m[0m [0m[0mlet sample = sp.sample_obj(&mut rng,info);[0m
[0m   [0m[0m[1m[38;5;12m|[0m[0m     [0m[0m[1m[38;5;9m^^^^^^[0m
[0m[1m[38;5;12m32[0m[0m [0m[0m[1m[38;5;12m|[0m[0m [0m[0mlet id1: SId = sample.get_id();[0m
[0m   [0m[0m[1m[38;5;12m|[0m[0m                [0m[0m[1m[38;5;12m------[0m[0m [0m[0m[1m[38;5;12mtype must be known at this point[0m
[0m   [0m[0m[1m[38;5;12m|[0m
[0m[1m[38;5;14mhelp[0m[0m: consider giving `sample` an explicit type[0m
[0m   [0m[0m[1m[38;5;12m|[0m
[0m[1m[38;5;12m31[0m[0m [0m[0m[1m[38;5;12m| [0m[0mlet sample[0m[0m[38;5;10m: /* Type */[0m[0m = sp.sample_obj(&mut rng,info);[0m
[0m   [0m[0m[1m[38;5;12m|[0m[0m           [0m[0m[38;5;10m++++++++++++[0m

[0m[1m[38;5;9merror[E0061][0m[0m[1m: this function takes 2 arguments but 1 argument was supplied[0m
[0m  [0m[0m[1m[38;5;12m--> [0m[0mcore/src/searchspace.rs:111:5[0m
[0m   [0m[0m[1m[38;5;12m|[0m
[0m[1m[38;5;12m13[0m[0m [0m[0m[1m[38;5;12m|[0m[0m [0m[0m[1m[38;5;9m/[0m[0m [0m[0m    objective!([0m
[0m[1m[38;5;12m14[0m[0m [0m[0m[1m[38;5;12m|[0m[0m [0m[0m[1m[38;5;9m|[0m[0m [0m[0m        pub fn example() -> OutStruct {[0m
[0m[1m[38;5;12m15[0m[0m [0m[0m[1m[38;5;12m|[0m[0m [0m[0m[1m[38;5;9m|[0m[0m [0m[0m            let a = [! a | Real(0.0,1.0,Uniform)    |                       !];[0m
[0m[1m[38;5;12m16[0m[0m [0m[0m[1m[38;5;12m|[0m[0m [0m[0m[1m[38;5;9m|[0m[0m [0m[0m            let b = [! b | Nat(0,100,Uniform)       | Real(0.0,1.0,Uniform) !];[0m
[0m[1m[38;5;12m...[0m[0m  [0m[0m[1m[38;5;9m|[0m
[0m[1m[38;5;12m23[0m[0m [0m[0m[1m[38;5;12m|[0m[0m [0m[0m[1m[38;5;9m|[0m[0m [0m[0m    );[0m
[0m   [0m[0m[1m[38;5;12m|[0m[0m [0m[0m[1m[38;5;9m|_____^[0m[0m [0m[0m[1m[38;5;9margument #2 is missing[0m
[0m   [0m[0m[1m[38;5;12m|[0m
[0m[1m[38;5;10mnote[0m[0m: associated function defined here[0m
[0m  [0m[0m[1m[38;5;12m--> [0m[0m/home/thomas/4_Github/tantale/core/src/domain/cat.rs:54:12[0m
[0m   [0m[0m[1m[38;5;12m|[0m
[0m[1m[38;5;12m54[0m[0m [0m[0m[1m[38;5;12m|[0m[0m [0m[0m    pub fn new<'a, S: Sampler<Self> + Into<CatDistribution>, I: IntoIterator<Item = &'a str>>([0m
[0m   [0m[0m[1m[38;5;12m|[0m[0m            [0m[0m[1m[38;5;10m^^^[0m
[0m   [0m[0m[1m[38;5;12m= [0m[0m[1mnote[0m[0m: this error originates in the macro `objective` (in Nightly builds, run with -Z macro-backtrace for more info)[0m

[0m[1m[38;5;9merror[E0061][0m[0m[1m: this function takes 1 argument but 0 arguments were supplied[0m
[0m  [0m[0m[1m[38;5;12m--> [0m[0mcore/src/searchspace.rs:111:5[0m
[0m   [0m[0m[1m[38;5;12m|[0m
[0m[1m[38;5;12m13[0m[0m [0m[0m[1m[38;5;12m|[0m[0m [0m[0m[1m[38;5;9m/[0m[0m [0m[0m    objective!([0m
[0m[1m[38;5;12m14[0m[0m [0m[0m[1m[38;5;12m|[0m[0m [0m[0m[1m[38;5;9m|[0m[0m [0m[0m        pub fn example() -> OutStruct {[0m
[0m[1m[38;5;12m15[0m[0m [0m[0m[1m[38;5;12m|[0m[0m [0m[0m[1m[38;5;9m|[0m[0m [0m[0m            let a = [! a | Real(0.0,1.0,Uniform)    |                       !];[0m
[0m[1m[38;5;12m16[0m[0m [0m[0m[1m[38;5;12m|[0m[0m [0m[0m[1m[38;5;9m|[0m[0m [0m[0m            let b = [! b | Nat(0,100,Uniform)       | Real(0.0,1.0,Uniform) !];[0m
[0m[1m[38;5;12m...[0m[0m  [0m[0m[1m[38;5;9m|[0m
[0m[1m[38;5;12m23[0m[0m [0m[0m[1m[38;5;12m|[0m[0m [0m[0m[1m[38;5;9m|[0m[0m [0m[0m    );[0m
[0m   [0m[0m[1m[38;5;12m|[0m[0m [0m[0m[1m[38;5;9m|_____^[0m[0m [0m[0m[1m[38;5;9margument #1 is missing[0m
[0m   [0m[0m[1m[38;5;12m|[0m
[0m[1m[38;5;10mnote[0m[0m: associated function defined here[0m
[0m  [0m[0m[1m[38;5;12m--> [0m[0m/home/thomas/4_Github/tantale/core/src/domain/bool.rs:35:12[0m
[0m   [0m[0m[1m[38;5;12m|[0m
[0m[1m[38;5;12m35[0m[0m [0m[0m[1m[38;5;12m|[0m[0m [0m[0m    pub fn new<S: Sampler<Self> + Into<BoolDistribution>>(sampler: S) -> Bool {[0m
[0m   [0m[0m[1m[38;5;12m|[0m[0m            [0m[0m[1m[38;5;10m^^^[0m
[0m   [0m[0m[1m[38;5;12m= [0m[0m[1mnote[0m[0m: this error originates in the macro `objective` (in Nightly builds, run with -Z macro-backtrace for more info)[0m

[0m[1m[38;5;9merror[0m[0m[1m: aborting due to 4 previous errors[0m

[0m[1mSome errors have detailed explanations: E0061, E0277, E0282.[0m
[0m[1mFor more information about an error, try `rustc --explain E0061`.[0m
Couldn't compile the test.
---- core/src/searchspace.rs - searchspace::Searchspace::vec_is_in_opt (line 1025) stdout ----
[0m[1m[38;5;9merror[E0284][0m[0m[1m: type annotations needed[0m
[0m  [0m[0m[1m[38;5;12m--> [0m[0mcore/src/searchspace.rs:1049:4[0m
[0m   [0m[0m[1m[38;5;12m|[0m
[0m[1m[38;5;12m26[0m[0m [0m[0m[1m[38;5;12m|[0m[0m [0m[0msp.vec_is_in_opt(&vopt);[0m
[0m   [0m[0m[1m[38;5;12m|[0m[0m    [0m[0m[1m[38;5;9m^^^^^^^^^^^^^[0m
[0m   [0m[0m[1m[38;5;12m|[0m
[0m   [0m[0m[1m[38;5;12m= [0m[0m[1mnote[0m[0m: cannot satisfy `<_ as Solution<SId, Bounded<f64>, EmptyInfo>>::Twin<Mixed> == _`[0m
[0m[1m[38;5;14mhelp[0m[0m: try using a fully qualified path to specify the expected types[0m
[0m   [0m[0m[1m[38;5;12m|[0m
[0m[1m[38;5;12m26[0m[0m [0m[0m[38;5;9m- [0m[0msp[0m[0m[38;5;9m.vec_is_in_opt([0m[0m&vopt);[0m
[0m[1m[38;5;12m26[0m[0m [0m[0m[38;5;10m+ <Sp<Mixed, Bounded<f64>> as Searchspace<SolOpt, SId, EmptyInfo>>::vec_is_in_opt::<BaseSol<SId, Bounded<f64>, EmptyInfo>>(&[0m[0msp[0m[0m[38;5;10m, [0m[0m&vopt);[0m
[0m   [0m[0m[1m[38;5;12m|[0m

[0m[1m[38;5;9merror[E0283][0m[0m[1m: type annotations needed[0m
[0m  [0m[0m[1m[38;5;12m--> [0m[0mcore/src/searchspace.rs:1049:4[0m
[0m   [0m[0m[1m[38;5;12m|[0m
[0m[1m[38;5;12m26[0m[0m [0m[0m[1m[38;5;12m|[0m[0m [0m[0msp.vec_is_in_opt(&vopt);[0m
[0m   [0m[0m[1m[38;5;12m|[0m[0m    [0m[0m[1m[38;5;9m^^^^^^^^^^^^^[0m
[0m   [0m[0m[1m[38;5;12m|[0m
[0m   [0m[0m[1m[38;5;12m= [0m[0m[1mnote[0m[0m: multiple `impl`s satisfying `_: Uncomputed<SId, Bounded<f64>, EmptyInfo>` found in the `tantale_core` crate:[0m
[0m           - impl<SolId, Dom, Info> Uncomputed<SolId, Dom, Info> for BaseSol<SolId, Dom, Info>[0m
[0m             where Dom: Domain, Info: SolInfo, SolId: Id;[0m
[0m           - impl<SolId, Dom, Info> Uncomputed<SolId, Dom, Info> for FidelitySol<SolId, Dom, Info>[0m
[0m             where Dom: Domain, Info: SolInfo, SolId: Id;[0m
[0m   [0m[0m[1m[38;5;12m= [0m[0m[1mnote[0m[0m: required for `Sp<Mixed, Bounded<f64>>` to implement `Searchspace<_, SId, EmptyInfo>`[0m
[0m[1m[38;5;14mhelp[0m[0m: try using a fully qualified path to specify the expected types[0m
[0m   [0m[0m[1m[38;5;12m|[0m
[0m[1m[38;5;12m26[0m[0m [0m[0m[38;5;9m- [0m[0msp[0m[0m[38;5;9m.vec_is_in_opt([0m[0m&vopt);[0m
[0m[1m[38;5;12m26[0m[0m [0m[0m[38;5;10m+ <Sp<Mixed, Bounded<f64>> as Searchspace<SolOpt, SId, EmptyInfo>>::vec_is_in_opt::<BaseSol<SId, Bounded<f64>, EmptyInfo>>(&[0m[0msp[0m[0m[38;5;10m, [0m[0m&vopt);[0m
[0m   [0m[0m[1m[38;5;12m|[0m

[0m[1m[38;5;9merror[E0283][0m[0m[1m: type annotations needed[0m
[0m  [0m[0m[1m[38;5;12m--> [0m[0mcore/src/searchspace.rs:1049:4[0m
[0m   [0m[0m[1m[38;5;12m|[0m
[0m[1m[38;5;12m26[0m[0m [0m[0m[1m[38;5;12m|[0m[0m [0m[0msp.vec_is_in_opt(&vopt);[0m
[0m   [0m[0m[1m[38;5;12m|[0m[0m    [0m[0m[1m[38;5;9m^^^^^^^^^^^^^[0m[0m [0m[0m[1m[38;5;9mcannot infer type[0m
[0m   [0m[0m[1m[38;5;12m|[0m
[0m   [0m[0m[1m[38;5;12m= [0m[0m[1mnote[0m[0m: multiple `impl`s satisfying `_: Uncomputed<SId, Mixed, EmptyInfo>` found in the `tantale_core` crate:[0m
[0m           - impl<SolId, Dom, Info> Uncomputed<SolId, Dom, Info> for BaseSol<SolId, Dom, Info>[0m
[0m             where Dom: Domain, Info: SolInfo, SolId: Id;[0m
[0m           - impl<SolId, Dom, Info> Uncomputed<SolId, Dom, Info> for FidelitySol<SolId, Dom, Info>[0m
[0m             where Dom: Domain, Info: SolInfo, SolId: Id;[0m
[0m   [0m[0m[1m[38;5;12m= [0m[0m[1mnote[0m[0m: required for `Sp<Mixed, Bounded<f64>>` to implement `Searchspace<_, SId, EmptyInfo>`[0m

[0m[1m[38;5;9merror[0m[0m[1m: aborting due to 3 previous errors[0m

[0m[1mSome errors have detailed explanations: E0283, E0284.[0m
[0m[1mFor more information about an error, try `rustc --explain E0283`.[0m
Couldn't compile the test.
---- core/src/searchspace.rs - searchspace::Searchspace::vec_apply_opt (line 865) stdout ----
[0m[1m[38;5;9merror[E0284][0m[0m[1m: type annotations needed[0m
[0m  [0m[0m[1m[38;5;12m--> [0m[0mcore/src/searchspace.rs:885:55[0m
[0m   [0m[0m[1m[38;5;12m|[0m
[0m[1m[38;5;12m22[0m[0m [0m[0m[1m[38;5;12m|[0m[0m [0m[0mlet sols: Vec<FidelitySol<SId, Real, EmptyInfo>> = sp.vec_apply_obj([0m
[0m   [0m[0m[1m[38;5;12m|[0m[0m                                                       [0m[0m[1m[38;5;9m^^^^^^^^^^^^^[0m
[0m   [0m[0m[1m[38;5;12m|[0m
[0m   [0m[0m[1m[38;5;12m= [0m[0m[1mnote[0m[0m: cannot satisfy `<_ as Solution<_, ..., ...>>::Twin<...> == FidelitySol<SId, ..., ...>`[0m
[0m   [0m[0m[1m[38;5;12m= [0m[0m[1mnote[0m[0m: the full name for the type has been written to '/tmp/rustdoctestuwWjgw/rust_out.long-type-12874873010485149353.txt'[0m
[0m   [0m[0m[1m[38;5;12m= [0m[0m[1mnote[0m[0m: consider using `--verbose` to print the full type name to the console[0m
[0m[1m[38;5;14mhelp[0m[0m: try using a fully qualified path to specify the expected types[0m
[0m   [0m[0m[1m[38;5;12m|[0m
[0m[1m[38;5;12m22[0m[0m [0m[0m[38;5;9m- let [0m[0msols: Vec<FidelitySol<SId, Real, EmptyInfo>> = sp.vec_apply_obj([0m
[0m[1m[38;5;12m22[0m[0m [0m[0m[38;5;10m+ [0m[0mlet sols: Vec<FidelitySol<SId, Real, EmptyInfo>> = [0m[0m[38;5;10m<Sp<Mixed, Bounded<f64>> as Searchspace<SolOpt, SolId, EmptyInfo>>::vec_apply_obj::<_, ThreadRng>(&[0m[0msp[0m[0m[38;5;10m, [0m[0m|sol: FidelitySol<SId, Real, EmptyInfo>| sol.set_fidelity(1.0),[0m
[0m   [0m[0m[1m[38;5;12m|[0m

[0m[1m[38;5;9merror[E0283][0m[0m[1m: type annotations needed[0m
[0m  [0m[0m[1m[38;5;12m--> [0m[0mcore/src/searchspace.rs:885:55[0m
[0m   [0m[0m[1m[38;5;12m|[0m
[0m[1m[38;5;12m22[0m[0m [0m[0m[1m[38;5;12m|[0m[0m [0m[0mlet sols: Vec<FidelitySol<SId, Real, EmptyInfo>> = sp.vec_apply_obj([0m
[0m   [0m[0m[1m[38;5;12m|[0m[0m                                                       [0m[0m[1m[38;5;9m^^^^^^^^^^^^^[0m
[0m   [0m[0m[1m[38;5;12m|[0m
[0m   [0m[0m[1m[38;5;12m= [0m[0m[1mnote[0m[0m: multiple `impl`s satisfying `_: Uncomputed<_, Bounded<f64>, EmptyInfo>` found in the `tantale_core` crate:[0m
[0m           - impl<SolId, Dom, Info> Uncomputed<SolId, Dom, Info> for BaseSol<SolId, Dom, Info>[0m
[0m             where Dom: Domain, Info: SolInfo, SolId: Id;[0m
[0m           - impl<SolId, Dom, Info> Uncomputed<SolId, Dom, Info> for FidelitySol<SolId, Dom, Info>[0m
[0m             where Dom: Domain, Info: SolInfo, SolId: Id;[0m
[0m   [0m[0m[1m[38;5;12m= [0m[0m[1mnote[0m[0m: required for `Sp<Mixed, Bounded<f64>>` to implement `Searchspace<_, _, EmptyInfo>`[0m
[0m[1m[38;5;14mhelp[0m[0m: try using a fully qualified path to specify the expected types[0m
[0m   [0m[0m[1m[38;5;12m|[0m
[0m[1m[38;5;12m22[0m[0m [0m[0m[38;5;9m- let [0m[0msols: Vec<FidelitySol<SId, Real, EmptyInfo>> = sp.vec_apply_obj([0m
[0m[1m[38;5;12m22[0m[0m [0m[0m[38;5;10m+ [0m[0mlet sols: Vec<FidelitySol<SId, Real, EmptyInfo>> = [0m[0m[38;5;10m<Sp<Mixed, Bounded<f64>> as Searchspace<SolOpt, SolId, EmptyInfo>>::vec_apply_obj::<_, ThreadRng>(&[0m[0msp[0m[0m[38;5;10m, [0m[0m|sol: FidelitySol<SId, Real, EmptyInfo>| sol.set_fidelity(1.0),[0m
[0m   [0m[0m[1m[38;5;12m|[0m

[0m[1m[38;5;9merror[E0283][0m[0m[1m: type annotations needed[0m
[0m  [0m[0m[1m[38;5;12m--> [0m[0mcore/src/searchspace.rs:885:55[0m
[0m   [0m[0m[1m[38;5;12m|[0m
[0m[1m[38;5;12m22[0m[0m [0m[0m[1m[38;5;12m|[0m[0m [0m[0mlet sols: Vec<FidelitySol<SId, Real, EmptyInfo>> = sp.vec_apply_obj([0m
[0m   [0m[0m[1m[38;5;12m|[0m[0m                                                       [0m[0m[1m[38;5;9m^^^^^^^^^^^^^[0m[0m [0m[0m[1m[38;5;9mcannot infer type[0m
[0m   [0m[0m[1m[38;5;12m|[0m
[0m   [0m[0m[1m[38;5;12m= [0m[0m[1mnote[0m[0m: multiple `impl`s satisfying `_: Uncomputed<_, Mixed, EmptyInfo>` found in the `tantale_core` crate:[0m
[0m           - impl<SolId, Dom, Info> Uncomputed<SolId, Dom, Info> for BaseSol<SolId, Dom, Info>[0m
[0m             where Dom: Domain, Info: SolInfo, SolId: Id;[0m
[0m           - impl<SolId, Dom, Info> Uncomputed<SolId, Dom, Info> for FidelitySol<SolId, Dom, Info>[0m
[0m             where Dom: Domain, Info: SolInfo, SolId: Id;[0m
[0m   [0m[0m[1m[38;5;12m= [0m[0m[1mnote[0m[0m: required for `Sp<Mixed, Bounded<f64>>` to implement `Searchspace<_, _, EmptyInfo>`[0m

[0m[1m[38;5;9merror[0m[0m[1m: aborting due to 3 previous errors[0m

[0m[1mSome errors have detailed explanations: E0283, E0284.[0m
[0m[1mFor more information about an error, try `rustc --explain E0283`.[0m
Couldn't compile the test.
---- core/src/searchspace.rs - searchspace::Searchspace::vec_apply_pair (line 921) stdout ----
[0m[1m[38;5;9merror[E0308][0m[0m[1m: mismatched types[0m
[0m  [0m[0m[1m[38;5;12m--> [0m[0mcore/src/searchspace.rs:942:51[0m
[0m   [0m[0m[1m[38;5;12m|[0m
[0m[1m[38;5;12m23[0m[0m [0m[0m[1m[38;5;12m|[0m[0m [0m[0m    |pair: Pair<_, _, _, Mixed, Real, EmptyInfo>| pair.set_fidelity(1.0),[0m
[0m   [0m[0m[1m[38;5;12m|[0m[0m                                                   [0m[0m[1m[38;5;9m^^^^^^^^^^^^^^^^^^^^^^[0m[0m [0m[0m[1m[38;5;9mexpected `Pair<_, _, _, Mixed, Bounded<f64>, ...>`, found `()`[0m
[0m   [0m[0m[1m[38;5;12m|[0m
[0m   [0m[0m[1m[38;5;12m= [0m[0m[1mnote[0m[0m: expected struct `[0m[0m[1m[35mPair<_, _, _, Mixed, Bounded<f64>, EmptyInfo>[0m[0m`[0m
[0m           found unit type `[0m[0m[1m[35m()[0m[0m`[0m
[0m[1m[38;5;10mnote[0m[0m: method `set_fidelity` modifies its receiver in-place[0m
[0m  [0m[0m[1m[38;5;12m--> [0m[0mcore/src/searchspace.rs:942:56[0m
[0m   [0m[0m[1m[38;5;12m|[0m
[0m[1m[38;5;12m23[0m[0m [0m[0m[1m[38;5;12m|[0m[0m [0m[0m    |pair: Pair<_, _, _, Mixed, Real, EmptyInfo>| pair.set_fidelity(1.0),[0m
[0m   [0m[0m[1m[38;5;12m|[0m[0m                                                        [0m[0m[1m[38;5;10m^^^^^^^^^^^^[0m[0m [0m[0m[1m[38;5;10mthis call modifies `pair` in-place[0m

[0m[1m[38;5;9merror[0m[0m[1m: aborting due to 1 previous error[0m

[0m[1mFor more information about this error, try `rustc --explain E0308`.[0m
Couldn't compile the test.
---- core/src/searchspace.rs - searchspace::Searchspace::sample_pair (line 413) stdout ----
[0m[1m[38;5;9merror[E0284][0m[0m[1m: type annotations needed[0m
[0m  [0m[0m[1m[38;5;12m--> [0m[0mcore/src/searchspace.rs:435:55[0m
[0m   [0m[0m[1m[38;5;12m|[0m
[0m[1m[38;5;12m24[0m[0m [0m[0m[1m[38;5;12m|[0m[0m [0m[0mlet vec_obj: Vec<BaseSol<SId, Mixed, EmptyInfo>> = sp.vec_sample_obj(&mut rng, 10, info.clone());[0m
[0m   [0m[0m[1m[38;5;12m|[0m[0m                                                       [0m[0m[1m[38;5;9m^^^^^^^^^^^^^^[0m
[0m   [0m[0m[1m[38;5;12m|[0m
[0m   [0m[0m[1m[38;5;12m= [0m[0m[1mnote[0m[0m: cannot satisfy `<_ as Solution<_, Bounded<f64>, EmptyInfo>>::Twin<Mixed> == BaseSol<SId, Mixed, EmptyInfo>`[0m
[0m[1m[38;5;14mhelp[0m[0m: try using a fully qualified path to specify the expected types[0m
[0m   [0m[0m[1m[38;5;12m|[0m
[0m[1m[38;5;12m24[0m[0m [0m[0m[38;5;9m- [0m[0mlet vec_obj: Vec<BaseSol<SId, Mixed, EmptyInfo>> = sp[0m[0m[38;5;9m.vec_sample_obj([0m[0m&mut rng, 10, info.clone());[0m
[0m[1m[38;5;12m24[0m[0m [0m[0m[38;5;10m+ [0m[0mlet vec_obj: Vec<BaseSol<SId, Mixed, EmptyInfo>> = [0m[0m[38;5;10m<Sp<Mixed, Bounded<f64>> as Searchspace<SolOpt, SolId, EmptyInfo>>::vec_sample_obj::<ThreadRng>(&[0m[0msp[0m[0m[38;5;10m, [0m[0m&mut rng, 10, info.clone());[0m
[0m   [0m[0m[1m[38;5;12m|[0m

[0m[1m[38;5;9merror[E0283][0m[0m[1m: type annotations needed[0m
[0m  [0m[0m[1m[38;5;12m--> [0m[0mcore/src/searchspace.rs:435:55[0m
[0m   [0m[0m[1m[38;5;12m|[0m
[0m[1m[38;5;12m24[0m[0m [0m[0m[1m[38;5;12m|[0m[0m [0m[0mlet vec_obj: Vec<BaseSol<SId, Mixed, EmptyInfo>> = sp.vec_sample_obj(&mut rng, 10, info.clone());[0m
[0m   [0m[0m[1m[38;5;12m|[0m[0m                                                       [0m[0m[1m[38;5;9m^^^^^^^^^^^^^^[0m
[0m   [0m[0m[1m[38;5;12m|[0m
[0m   [0m[0m[1m[38;5;12m= [0m[0m[1mnote[0m[0m: multiple `impl`s satisfying `_: Uncomputed<_, Bounded<f64>, EmptyInfo>` found in the `tantale_core` crate:[0m
[0m           - impl<SolId, Dom, Info> Uncomputed<SolId, Dom, Info> for BaseSol<SolId, Dom, Info>[0m
[0m             where Dom: Domain, Info: SolInfo, SolId: Id;[0m
[0m           - impl<SolId, Dom, Info> Uncomputed<SolId, Dom, Info> for FidelitySol<SolId, Dom, Info>[0m
[0m             where Dom: Domain, Info: SolInfo, SolId: Id;[0m
[0m   [0m[0m[1m[38;5;12m= [0m[0m[1mnote[0m[0m: required for `Sp<Mixed, Bounded<f64>>` to implement `Searchspace<_, _, EmptyInfo>`[0m
[0m[1m[38;5;14mhelp[0m[0m: try using a fully qualified path to specify the expected types[0m
[0m   [0m[0m[1m[38;5;12m|[0m
[0m[1m[38;5;12m24[0m[0m [0m[0m[38;5;9m- [0m[0mlet vec_obj: Vec<BaseSol<SId, Mixed, EmptyInfo>> = sp[0m[0m[38;5;9m.vec_sample_obj([0m[0m&mut rng, 10, info.clone());[0m
[0m[1m[38;5;12m24[0m[0m [0m[0m[38;5;10m+ [0m[0mlet vec_obj: Vec<BaseSol<SId, Mixed, EmptyInfo>> = [0m[0m[38;5;10m<Sp<Mixed, Bounded<f64>> as Searchspace<SolOpt, SolId, EmptyInfo>>::vec_sample_obj::<ThreadRng>(&[0m[0msp[0m[0m[38;5;10m, [0m[0m&mut rng, 10, info.clone());[0m
[0m   [0m[0m[1m[38;5;12m|[0m

[0m[1m[38;5;9merror[E0283][0m[0m[1m: type annotations needed[0m
[0m  [0m[0m[1m[38;5;12m--> [0m[0mcore/src/searchspace.rs:435:55[0m
[0m   [0m[0m[1m[38;5;12m|[0m
[0m[1m[38;5;12m24[0m[0m [0m[0m[1m[38;5;12m|[0m[0m [0m[0mlet vec_obj: Vec<BaseSol<SId, Mixed, EmptyInfo>> = sp.vec_sample_obj(&mut rng, 10, info.clone());[0m
[0m   [0m[0m[1m[38;5;12m|[0m[0m                                                       [0m[0m[1m[38;5;9m^^^^^^^^^^^^^^[0m[0m [0m[0m[1m[38;5;9mcannot infer type[0m
[0m   [0m[0m[1m[38;5;12m|[0m
[0m   [0m[0m[1m[38;5;12m= [0m[0m[1mnote[0m[0m: multiple `impl`s satisfying `_: Uncomputed<_, Mixed, EmptyInfo>` found in the `tantale_core` crate:[0m
[0m           - impl<SolId, Dom, Info> Uncomputed<SolId, Dom, Info> for BaseSol<SolId, Dom, Info>[0m
[0m             where Dom: Domain, Info: SolInfo, SolId: Id;[0m
[0m           - impl<SolId, Dom, Info> Uncomputed<SolId, Dom, Info> for FidelitySol<SolId, Dom, Info>[0m
[0m             where Dom: Domain, Info: SolInfo, SolId: Id;[0m
[0m   [0m[0m[1m[38;5;12m= [0m[0m[1mnote[0m[0m: required for `Sp<Mixed, Bounded<f64>>` to implement `Searchspace<_, _, EmptyInfo>`[0m

[0m[1m[38;5;9merror[0m[0m[1m: aborting due to 3 previous errors[0m

[0m[1mSome errors have detailed explanations: E0283, E0284.[0m
[0m[1mFor more information about an error, try `rustc --explain E0283`.[0m
Couldn't compile the test.
---- core/src/searchspace.rs - searchspace::Searchspace::sample_opt (line 371) stdout ----
[0m[1m[38;5;9merror[E0412][0m[0m[1m: cannot find type `Mixed` in this scope[0m
[0m  [0m[0m[1m[38;5;12m--> [0m[0mcore/src/searchspace.rs:390:12[0m
[0m   [0m[0m[1m[38;5;12m|[0m
[0m[1m[38;5;12m21[0m[0m [0m[0m[1m[38;5;12m|[0m[0m [0m[0mlet sp: Sp<Mixed, Real> = sp::get_searchspace();[0m
[0m   [0m[0m[1m[38;5;12m|[0m[0m            [0m[0m[1m[38;5;9m^^^^^[0m[0m [0m[0m[1m[38;5;9mnot found in this scope[0m
[0m   [0m[0m[1m[38;5;12m|[0m
[0m[1m[38;5;14mhelp[0m[0m: consider importing this enum[0m
[0m   [0m[0m[1m[38;5;12m|[0m
[0m [0m[0m[1m[38;5;12m2[0m[0m [0m[0m[38;5;10m+ use tantale_core::Mixed;[0m
[0m   [0m[0m[1m[38;5;12m|[0m

[0m[1m[38;5;9merror[E0412][0m[0m[1m: cannot find type `Real` in this scope[0m
[0m  [0m[0m[1m[38;5;12m--> [0m[0mcore/src/searchspace.rs:390:19[0m
[0m   [0m[0m[1m[38;5;12m|[0m
[0m[1m[38;5;12m21[0m[0m [0m[0m[1m[38;5;12m|[0m[0m [0m[0mlet sp: Sp<Mixed, Real> = sp::get_searchspace();[0m
[0m   [0m[0m[1m[38;5;12m|[0m[0m                   [0m[0m[1m[38;5;9m^^^^[0m[0m [0m[0m[1m[38;5;9mnot found in this scope[0m
[0m   [0m[0m[1m[38;5;12m|[0m
[0m[1m[38;5;14mhelp[0m[0m: consider importing one of these items[0m
[0m   [0m[0m[1m[38;5;12m|[0m
[0m [0m[0m[1m[38;5;12m2[0m[0m [0m[0m[38;5;10m+ use num::traits::real::Real;[0m
[0m   [0m[0m[1m[38;5;12m|[0m
[0m [0m[0m[1m[38;5;12m2[0m[0m [0m[0m[38;5;10m+ use tantale_core::Real;[0m
[0m   [0m[0m[1m[38;5;12m|[0m

[0m[1m[38;5;9merror[0m[0m[1m: aborting due to 2 previous errors[0m

[0m[1mFor more information about this error, try `rustc --explain E0412`.[0m
Couldn't compile the test.
---- core/src/searchspace.rs - searchspace::Searchspace::vec_onto_opt (line 592) stdout ----
[0m[1m[38;5;9merror[E0284][0m[0m[1m: type annotations needed[0m
[0m  [0m[0m[1m[38;5;12m--> [0m[0mcore/src/searchspace.rs:614:55[0m
[0m   [0m[0m[1m[38;5;12m|[0m
[0m[1m[38;5;12m24[0m[0m [0m[0m[1m[38;5;12m|[0m[0m [0m[0mlet vec_obj: Vec<BaseSol<SId, Mixed, EmptyInfo>> = sp.vec_sample_obj(&mut rng, 10, info.clone());[0m
[0m   [0m[0m[1m[38;5;12m|[0m[0m                                                       [0m[0m[1m[38;5;9m^^^^^^^^^^^^^^[0m
[0m   [0m[0m[1m[38;5;12m|[0m
[0m   [0m[0m[1m[38;5;12m= [0m[0m[1mnote[0m[0m: cannot satisfy `<_ as Solution<_, Bounded<f64>, EmptyInfo>>::Twin<Mixed> == BaseSol<SId, Mixed, EmptyInfo>`[0m
[0m[1m[38;5;14mhelp[0m[0m: try using a fully qualified path to specify the expected types[0m
[0m   [0m[0m[1m[38;5;12m|[0m
[0m[1m[38;5;12m24[0m[0m [0m[0m[38;5;9m- [0m[0mlet vec_obj: Vec<BaseSol<SId, Mixed, EmptyInfo>> = sp[0m[0m[38;5;9m.vec_sample_obj([0m[0m&mut rng, 10, info.clone());[0m
[0m[1m[38;5;12m24[0m[0m [0m[0m[38;5;10m+ [0m[0mlet vec_obj: Vec<BaseSol<SId, Mixed, EmptyInfo>> = [0m[0m[38;5;10m<Sp<Mixed, Bounded<f64>> as Searchspace<SolOpt, SolId, EmptyInfo>>::vec_sample_obj::<ThreadRng>(&[0m[0msp[0m[0m[38;5;10m, [0m[0m&mut rng, 10, info.clone());[0m
[0m   [0m[0m[1m[38;5;12m|[0m

[0m[1m[38;5;9merror[E0283][0m[0m[1m: type annotations needed[0m
[0m  [0m[0m[1m[38;5;12m--> [0m[0mcore/src/searchspace.rs:614:55[0m
[0m   [0m[0m[1m[38;5;12m|[0m
[0m[1m[38;5;12m24[0m[0m [0m[0m[1m[38;5;12m|[0m[0m [0m[0mlet vec_obj: Vec<BaseSol<SId, Mixed, EmptyInfo>> = sp.vec_sample_obj(&mut rng, 10, info.clone());[0m
[0m   [0m[0m[1m[38;5;12m|[0m[0m                                                       [0m[0m[1m[38;5;9m^^^^^^^^^^^^^^[0m
[0m   [0m[0m[1m[38;5;12m|[0m
[0m   [0m[0m[1m[38;5;12m= [0m[0m[1mnote[0m[0m: multiple `impl`s satisfying `_: Uncomputed<_, Bounded<f64>, EmptyInfo>` found in the `tantale_core` crate:[0m
[0m           - impl<SolId, Dom, Info> Uncomputed<SolId, Dom, Info> for BaseSol<SolId, Dom, Info>[0m
[0m             where Dom: Domain, Info: SolInfo, SolId: Id;[0m
[0m           - impl<SolId, Dom, Info> Uncomputed<SolId, Dom, Info> for FidelitySol<SolId, Dom, Info>[0m
[0m             where Dom: Domain, Info: SolInfo, SolId: Id;[0m
[0m   [0m[0m[1m[38;5;12m= [0m[0m[1mnote[0m[0m: required for `Sp<Mixed, Bounded<f64>>` to implement `Searchspace<_, _, EmptyInfo>`[0m
[0m[1m[38;5;14mhelp[0m[0m: try using a fully qualified path to specify the expected types[0m
[0m   [0m[0m[1m[38;5;12m|[0m
[0m[1m[38;5;12m24[0m[0m [0m[0m[38;5;9m- [0m[0mlet vec_obj: Vec<BaseSol<SId, Mixed, EmptyInfo>> = sp[0m[0m[38;5;9m.vec_sample_obj([0m[0m&mut rng, 10, info.clone());[0m
[0m[1m[38;5;12m24[0m[0m [0m[0m[38;5;10m+ [0m[0mlet vec_obj: Vec<BaseSol<SId, Mixed, EmptyInfo>> = [0m[0m[38;5;10m<Sp<Mixed, Bounded<f64>> as Searchspace<SolOpt, SolId, EmptyInfo>>::vec_sample_obj::<ThreadRng>(&[0m[0msp[0m[0m[38;5;10m, [0m[0m&mut rng, 10, info.clone());[0m
[0m   [0m[0m[1m[38;5;12m|[0m

[0m[1m[38;5;9merror[E0283][0m[0m[1m: type annotations needed[0m
[0m  [0m[0m[1m[38;5;12m--> [0m[0mcore/src/searchspace.rs:614:55[0m
[0m   [0m[0m[1m[38;5;12m|[0m
[0m[1m[38;5;12m24[0m[0m [0m[0m[1m[38;5;12m|[0m[0m [0m[0mlet vec_obj: Vec<BaseSol<SId, Mixed, EmptyInfo>> = sp.vec_sample_obj(&mut rng, 10, info.clone());[0m
[0m   [0m[0m[1m[38;5;12m|[0m[0m                                                       [0m[0m[1m[38;5;9m^^^^^^^^^^^^^^[0m[0m [0m[0m[1m[38;5;9mcannot infer type[0m
[0m   [0m[0m[1m[38;5;12m|[0m
[0m   [0m[0m[1m[38;5;12m= [0m[0m[1mnote[0m[0m: multiple `impl`s satisfying `_: Uncomputed<_, Mixed, EmptyInfo>` found in the `tantale_core` crate:[0m
[0m           - impl<SolId, Dom, Info> Uncomputed<SolId, Dom, Info> for BaseSol<SolId, Dom, Info>[0m
[0m             where Dom: Domain, Info: SolInfo, SolId: Id;[0m
[0m           - impl<SolId, Dom, Info> Uncomputed<SolId, Dom, Info> for FidelitySol<SolId, Dom, Info>[0m
[0m             where Dom: Domain, Info: SolInfo, SolId: Id;[0m
[0m   [0m[0m[1m[38;5;12m= [0m[0m[1mnote[0m[0m: required for `Sp<Mixed, Bounded<f64>>` to implement `Searchspace<_, _, EmptyInfo>`[0m

[0m[1m[38;5;9merror[0m[0m[1m: aborting due to 3 previous errors[0m

[0m[1mSome errors have detailed explanations: E0283, E0284.[0m
[0m[1mFor more information about an error, try `rustc --explain E0283`.[0m
Couldn't compile the test.
---- core/src/searchspace.rs - searchspace::Searchspace::sample_obj (line 330) stdout ----
[0m[1m[38;5;9merror[E0412][0m[0m[1m: cannot find type `Real` in this scope[0m
[0m  [0m[0m[1m[38;5;12m--> [0m[0mcore/src/searchspace.rs:349:19[0m
[0m   [0m[0m[1m[38;5;12m|[0m
[0m[1m[38;5;12m21[0m[0m [0m[0m[1m[38;5;12m|[0m[0m [0m[0mlet sp: Sp<Mixed, Real> = sp::get_searchspace();[0m
[0m   [0m[0m[1m[38;5;12m|[0m[0m                   [0m[0m[1m[38;5;9m^^^^[0m[0m [0m[0m[1m[38;5;9mnot found in this scope[0m
[0m   [0m[0m[1m[38;5;12m|[0m
[0m[1m[38;5;14mhelp[0m[0m: consider importing one of these items[0m
[0m   [0m[0m[1m[38;5;12m|[0m
[0m [0m[0m[1m[38;5;12m2[0m[0m [0m[0m[38;5;10m+ use num::traits::real::Real;[0m
[0m   [0m[0m[1m[38;5;12m|[0m
[0m [0m[0m[1m[38;5;12m2[0m[0m [0m[0m[38;5;10m+ use tantale_core::Real;[0m
[0m   [0m[0m[1m[38;5;12m|[0m

[0m[1m[38;5;9merror[0m[0m[1m: aborting due to 1 previous error[0m

[0m[1mFor more information about this error, try `rustc --explain E0412`.[0m
Couldn't compile the test.
---- core/src/searchspace.rs - searchspace::Searchspace::vec_is_in_obj (line 978) stdout ----
[0m[1m[38;5;9merror[E0284][0m[0m[1m: type annotations needed[0m
[0m  [0m[0m[1m[38;5;12m--> [0m[0mcore/src/searchspace.rs:1000:52[0m
[0m   [0m[0m[1m[38;5;12m|[0m
[0m[1m[38;5;12m24[0m[0m [0m[0m[1m[38;5;12m|[0m[0m [0m[0mlet vobj: Vec<BaseSol<SId, Mixed, EmptyInfo>> = sp.vec_sample_obj(&mut rng, 10, info.clone());[0m
[0m   [0m[0m[1m[38;5;12m|[0m[0m                                                    [0m[0m[1m[38;5;9m^^^^^^^^^^^^^^[0m
[0m   [0m[0m[1m[38;5;12m|[0m
[0m   [0m[0m[1m[38;5;12m= [0m[0m[1mnote[0m[0m: cannot satisfy `<_ as Solution<_, Bounded<f64>, EmptyInfo>>::Twin<Mixed> == BaseSol<SId, Mixed, EmptyInfo>`[0m
[0m[1m[38;5;14mhelp[0m[0m: try using a fully qualified path to specify the expected types[0m
[0m   [0m[0m[1m[38;5;12m|[0m
[0m[1m[38;5;12m24[0m[0m [0m[0m[38;5;9m- [0m[0mlet vobj: Vec<BaseSol<SId, Mixed, EmptyInfo>> = sp[0m[0m[38;5;9m.vec_sample_obj([0m[0m&mut rng, 10, info.clone());[0m
[0m[1m[38;5;12m24[0m[0m [0m[0m[38;5;10m+ [0m[0mlet vobj: Vec<BaseSol<SId, Mixed, EmptyInfo>> = [0m[0m[38;5;10m<Sp<Mixed, Bounded<f64>> as Searchspace<SolOpt, SolId, EmptyInfo>>::vec_sample_obj::<ThreadRng>(&[0m[0msp[0m[0m[38;5;10m, [0m[0m&mut rng, 10, info.clone());[0m
[0m   [0m[0m[1m[38;5;12m|[0m

[0m[1m[38;5;9merror[E0283][0m[0m[1m: type annotations needed[0m
[0m  [0m[0m[1m[38;5;12m--> [0m[0mcore/src/searchspace.rs:1000:52[0m
[0m   [0m[0m[1m[38;5;12m|[0m
[0m[1m[38;5;12m24[0m[0m [0m[0m[1m[38;5;12m|[0m[0m [0m[0mlet vobj: Vec<BaseSol<SId, Mixed, EmptyInfo>> = sp.vec_sample_obj(&mut rng, 10, info.clone());[0m
[0m   [0m[0m[1m[38;5;12m|[0m[0m                                                    [0m[0m[1m[38;5;9m^^^^^^^^^^^^^^[0m
[0m   [0m[0m[1m[38;5;12m|[0m
[0m   [0m[0m[1m[38;5;12m= [0m[0m[1mnote[0m[0m: multiple `impl`s satisfying `_: Uncomputed<_, Bounded<f64>, EmptyInfo>` found in the `tantale_core` crate:[0m
[0m           - impl<SolId, Dom, Info> Uncomputed<SolId, Dom, Info> for BaseSol<SolId, Dom, Info>[0m
[0m             where Dom: Domain, Info: SolInfo, SolId: Id;[0m
[0m           - impl<SolId, Dom, Info> Uncomputed<SolId, Dom, Info> for FidelitySol<SolId, Dom, Info>[0m
[0m             where Dom: Domain, Info: SolInfo, SolId: Id;[0m
[0m   [0m[0m[1m[38;5;12m= [0m[0m[1mnote[0m[0m: required for `Sp<Mixed, Bounded<f64>>` to implement `Searchspace<_, _, EmptyInfo>`[0m
[0m[1m[38;5;14mhelp[0m[0m: try using a fully qualified path to specify the expected types[0m
[0m   [0m[0m[1m[38;5;12m|[0m
[0m[1m[38;5;12m24[0m[0m [0m[0m[38;5;9m- [0m[0mlet vobj: Vec<BaseSol<SId, Mixed, EmptyInfo>> = sp[0m[0m[38;5;9m.vec_sample_obj([0m[0m&mut rng, 10, info.clone());[0m
[0m[1m[38;5;12m24[0m[0m [0m[0m[38;5;10m+ [0m[0mlet vobj: Vec<BaseSol<SId, Mixed, EmptyInfo>> = [0m[0m[38;5;10m<Sp<Mixed, Bounded<f64>> as Searchspace<SolOpt, SolId, EmptyInfo>>::vec_sample_obj::<ThreadRng>(&[0m[0msp[0m[0m[38;5;10m, [0m[0m&mut rng, 10, info.clone());[0m
[0m   [0m[0m[1m[38;5;12m|[0m

[0m[1m[38;5;9merror[E0283][0m[0m[1m: type annotations needed[0m
[0m  [0m[0m[1m[38;5;12m--> [0m[0mcore/src/searchspace.rs:1000:52[0m
[0m   [0m[0m[1m[38;5;12m|[0m
[0m[1m[38;5;12m24[0m[0m [0m[0m[1m[38;5;12m|[0m[0m [0m[0mlet vobj: Vec<BaseSol<SId, Mixed, EmptyInfo>> = sp.vec_sample_obj(&mut rng, 10, info.clone());[0m
[0m   [0m[0m[1m[38;5;12m|[0m[0m                                                    [0m[0m[1m[38;5;9m^^^^^^^^^^^^^^[0m[0m [0m[0m[1m[38;5;9mcannot infer type[0m
[0m   [0m[0m[1m[38;5;12m|[0m
[0m   [0m[0m[1m[38;5;12m= [0m[0m[1mnote[0m[0m: multiple `impl`s satisfying `_: Uncomputed<_, Mixed, EmptyInfo>` found in the `tantale_core` crate:[0m
[0m           - impl<SolId, Dom, Info> Uncomputed<SolId, Dom, Info> for BaseSol<SolId, Dom, Info>[0m
[0m             where Dom: Domain, Info: SolInfo, SolId: Id;[0m
[0m           - impl<SolId, Dom, Info> Uncomputed<SolId, Dom, Info> for FidelitySol<SolId, Dom, Info>[0m
[0m             where Dom: Domain, Info: SolInfo, SolId: Id;[0m
[0m   [0m[0m[1m[38;5;12m= [0m[0m[1mnote[0m[0m: required for `Sp<Mixed, Bounded<f64>>` to implement `Searchspace<_, _, EmptyInfo>`[0m

[0m[1m[38;5;9merror[E0283][0m[0m[1m: type annotations needed[0m
[0m  [0m[0m[1m[38;5;12m--> [0m[0mcore/src/searchspace.rs:1002:4[0m
[0m   [0m[0m[1m[38;5;12m|[0m
[0m[1m[38;5;12m26[0m[0m [0m[0m[1m[38;5;12m|[0m[0m [0m[0msp.vec_is_in_obj(&vobj);[0m
[0m   [0m[0m[1m[38;5;12m|[0m[0m    [0m[0m[1m[38;5;9m^^^^^^^^^^^^^[0m
[0m   [0m[0m[1m[38;5;12m|[0m
[0m   [0m[0m[1m[38;5;12m= [0m[0m[1mnote[0m[0m: multiple `impl`s satisfying `_: Uncomputed<SId, Bounded<f64>, EmptyInfo>` found in the `tantale_core` crate:[0m
[0m           - impl<SolId, Dom, Info> Uncomputed<SolId, Dom, Info> for BaseSol<SolId, Dom, Info>[0m
[0m             where Dom: Domain, Info: SolInfo, SolId: Id;[0m
[0m           - impl<SolId, Dom, Info> Uncomputed<SolId, Dom, Info> for FidelitySol<SolId, Dom, Info>[0m
[0m             where Dom: Domain, Info: SolInfo, SolId: Id;[0m
[0m   [0m[0m[1m[38;5;12m= [0m[0m[1mnote[0m[0m: required for `Sp<Mixed, Bounded<f64>>` to implement `Searchspace<_, SId, EmptyInfo>`[0m
[0m[1m[38;5;14mhelp[0m[0m: try using a fully qualified path to specify the expected types[0m
[0m   [0m[0m[1m[38;5;12m|[0m
[0m[1m[38;5;12m26[0m[0m [0m[0m[38;5;9m- [0m[0msp[0m[0m[38;5;9m.vec_is_in_obj([0m[0m&vobj);[0m
[0m[1m[38;5;12m26[0m[0m [0m[0m[38;5;10m+ <Sp<Mixed, Bounded<f64>> as Searchspace<SolOpt, SId, EmptyInfo>>::vec_is_in_obj::<BaseSol<SId, Mixed, EmptyInfo>>(&[0m[0msp[0m[0m[38;5;10m, [0m[0m&vobj);[0m
[0m   [0m[0m[1m[38;5;12m|[0m

[0m[1m[38;5;9merror[E0283][0m[0m[1m: type annotations needed[0m
[0m  [0m[0m[1m[38;5;12m--> [0m[0mcore/src/searchspace.rs:1002:4[0m
[0m   [0m[0m[1m[38;5;12m|[0m
[0m[1m[38;5;12m26[0m[0m [0m[0m[1m[38;5;12m|[0m[0m [0m[0msp.vec_is_in_obj(&vobj);[0m
[0m   [0m[0m[1m[38;5;12m|[0m[0m    [0m[0m[1m[38;5;9m^^^^^^^^^^^^^[0m[0m [0m[0m[1m[38;5;9mcannot infer type[0m
[0m   [0m[0m[1m[38;5;12m|[0m
[0m   [0m[0m[1m[38;5;12m= [0m[0m[1mnote[0m[0m: multiple `impl`s satisfying `_: Uncomputed<SId, Mixed, EmptyInfo>` found in the `tantale_core` crate:[0m
[0m           - impl<SolId, Dom, Info> Uncomputed<SolId, Dom, Info> for BaseSol<SolId, Dom, Info>[0m
[0m             where Dom: Domain, Info: SolInfo, SolId: Id;[0m
[0m           - impl<SolId, Dom, Info> Uncomputed<SolId, Dom, Info> for FidelitySol<SolId, Dom, Info>[0m
[0m             where Dom: Domain, Info: SolInfo, SolId: Id;[0m
[0m   [0m[0m[1m[38;5;12m= [0m[0m[1mnote[0m[0m: required for `Sp<Mixed, Bounded<f64>>` to implement `Searchspace<_, SId, EmptyInfo>`[0m

[0m[1m[38;5;9merror[0m[0m[1m: aborting due to 5 previous errors[0m

[0m[1mSome errors have detailed explanations: E0283, E0284.[0m
[0m[1mFor more information about an error, try `rustc --explain E0283`.[0m
Couldn't compile the test.
---- core/src/searchspace.rs - searchspace::Searchspace::vec_sample_obj (line 644) stdout ----
[0m[1m[38;5;9merror[E0284][0m[0m[1m: type annotations needed[0m
[0m  [0m[0m[1m[38;5;12m--> [0m[0mcore/src/searchspace.rs:666:55[0m
[0m   [0m[0m[1m[38;5;12m|[0m
[0m[1m[38;5;12m24[0m[0m [0m[0m[1m[38;5;12m|[0m[0m [0m[0mlet vec_obj: Vec<BaseSol<SId, Mixed, EmptyInfo>> = sp.vec_sample_obj(&mut rng, 10, info.clone());[0m
[0m   [0m[0m[1m[38;5;12m|[0m[0m                                                       [0m[0m[1m[38;5;9m^^^^^^^^^^^^^^[0m
[0m   [0m[0m[1m[38;5;12m|[0m
[0m   [0m[0m[1m[38;5;12m= [0m[0m[1mnote[0m[0m: cannot satisfy `<_ as Solution<_, Bounded<f64>, EmptyInfo>>::Twin<Mixed> == BaseSol<SId, Mixed, EmptyInfo>`[0m
[0m[1m[38;5;14mhelp[0m[0m: try using a fully qualified path to specify the expected types[0m
[0m   [0m[0m[1m[38;5;12m|[0m
[0m[1m[38;5;12m24[0m[0m [0m[0m[38;5;9m- [0m[0mlet vec_obj: Vec<BaseSol<SId, Mixed, EmptyInfo>> = sp[0m[0m[38;5;9m.vec_sample_obj([0m[0m&mut rng, 10, info.clone());[0m
[0m[1m[38;5;12m24[0m[0m [0m[0m[38;5;10m+ [0m[0mlet vec_obj: Vec<BaseSol<SId, Mixed, EmptyInfo>> = [0m[0m[38;5;10m<Sp<Mixed, Bounded<f64>> as Searchspace<SolOpt, SolId, EmptyInfo>>::vec_sample_obj::<ThreadRng>(&[0m[0msp[0m[0m[38;5;10m, [0m[0m&mut rng, 10, info.clone());[0m
[0m   [0m[0m[1m[38;5;12m|[0m

[0m[1m[38;5;9merror[E0283][0m[0m[1m: type annotations needed[0m
[0m  [0m[0m[1m[38;5;12m--> [0m[0mcore/src/searchspace.rs:666:55[0m
[0m   [0m[0m[1m[38;5;12m|[0m
[0m[1m[38;5;12m24[0m[0m [0m[0m[1m[38;5;12m|[0m[0m [0m[0mlet vec_obj: Vec<BaseSol<SId, Mixed, EmptyInfo>> = sp.vec_sample_obj(&mut rng, 10, info.clone());[0m
[0m   [0m[0m[1m[38;5;12m|[0m[0m                                                       [0m[0m[1m[38;5;9m^^^^^^^^^^^^^^[0m
[0m   [0m[0m[1m[38;5;12m|[0m
[0m   [0m[0m[1m[38;5;12m= [0m[0m[1mnote[0m[0m: multiple `impl`s satisfying `_: Uncomputed<_, Bounded<f64>, EmptyInfo>` found in the `tantale_core` crate:[0m
[0m           - impl<SolId, Dom, Info> Uncomputed<SolId, Dom, Info> for BaseSol<SolId, Dom, Info>[0m
[0m             where Dom: Domain, Info: SolInfo, SolId: Id;[0m
[0m           - impl<SolId, Dom, Info> Uncomputed<SolId, Dom, Info> for FidelitySol<SolId, Dom, Info>[0m
[0m             where Dom: Domain, Info: SolInfo, SolId: Id;[0m
[0m   [0m[0m[1m[38;5;12m= [0m[0m[1mnote[0m[0m: required for `Sp<Mixed, Bounded<f64>>` to implement `Searchspace<_, _, EmptyInfo>`[0m
[0m[1m[38;5;14mhelp[0m[0m: try using a fully qualified path to specify the expected types[0m
[0m   [0m[0m[1m[38;5;12m|[0m
[0m[1m[38;5;12m24[0m[0m [0m[0m[38;5;9m- [0m[0mlet vec_obj: Vec<BaseSol<SId, Mixed, EmptyInfo>> = sp[0m[0m[38;5;9m.vec_sample_obj([0m[0m&mut rng, 10, info.clone());[0m
[0m[1m[38;5;12m24[0m[0m [0m[0m[38;5;10m+ [0m[0mlet vec_obj: Vec<BaseSol<SId, Mixed, EmptyInfo>> = [0m[0m[38;5;10m<Sp<Mixed, Bounded<f64>> as Searchspace<SolOpt, SolId, EmptyInfo>>::vec_sample_obj::<ThreadRng>(&[0m[0msp[0m[0m[38;5;10m, [0m[0m&mut rng, 10, info.clone());[0m
[0m   [0m[0m[1m[38;5;12m|[0m

[0m[1m[38;5;9merror[E0283][0m[0m[1m: type annotations needed[0m
[0m  [0m[0m[1m[38;5;12m--> [0m[0mcore/src/searchspace.rs:666:55[0m
[0m   [0m[0m[1m[38;5;12m|[0m
[0m[1m[38;5;12m24[0m[0m [0m[0m[1m[38;5;12m|[0m[0m [0m[0mlet vec_obj: Vec<BaseSol<SId, Mixed, EmptyInfo>> = sp.vec_sample_obj(&mut rng, 10, info.clone());[0m
[0m   [0m[0m[1m[38;5;12m|[0m[0m                                                       [0m[0m[1m[38;5;9m^^^^^^^^^^^^^^[0m[0m [0m[0m[1m[38;5;9mcannot infer type[0m
[0m   [0m[0m[1m[38;5;12m|[0m
[0m   [0m[0m[1m[38;5;12m= [0m[0m[1mnote[0m[0m: multiple `impl`s satisfying `_: Uncomputed<_, Mixed, EmptyInfo>` found in the `tantale_core` crate:[0m
[0m           - impl<SolId, Dom, Info> Uncomputed<SolId, Dom, Info> for BaseSol<SolId, Dom, Info>[0m
[0m             where Dom: Domain, Info: SolInfo, SolId: Id;[0m
[0m           - impl<SolId, Dom, Info> Uncomputed<SolId, Dom, Info> for FidelitySol<SolId, Dom, Info>[0m
[0m             where Dom: Domain, Info: SolInfo, SolId: Id;[0m
[0m   [0m[0m[1m[38;5;12m= [0m[0m[1mnote[0m[0m: required for `Sp<Mixed, Bounded<f64>>` to implement `Searchspace<_, _, EmptyInfo>`[0m

[0m[1m[38;5;9merror[0m[0m[1m: aborting due to 3 previous errors[0m

[0m[1mSome errors have detailed explanations: E0283, E0284.[0m
[0m[1mFor more information about an error, try `rustc --explain E0283`.[0m
Couldn't compile the test.
---- core/src/searchspace.rs - searchspace::Searchspace::vec_onto_obj (line 542) stdout ----
[0m[1m[38;5;9merror[E0382][0m[0m[1m: borrow of moved value: `vec_opt`[0m
[0m    [0m[0m[1m[38;5;12m--> [0m[0mcore/src/searchspace.rs:567:19[0m
[0m     [0m[0m[1m[38;5;12m|[0m
[0m  [0m[0m[1m[38;5;12m24[0m[0m [0m[0m[1m[38;5;12m|[0m[0m [0m[0mlet vec_opt: Vec<BaseSol<SId, Real, EmptyInfo>> = sp.vec_sample_opt(&mut rng, 10, info.clone());[0m
[0m     [0m[0m[1m[38;5;12m|[0m[0m     [0m[0m[1m[38;5;12m-------[0m[0m [0m[0m[1m[38;5;12mmove occurs because `vec_opt` has type `Vec<BaseSol<SId, Bounded<f64>, EmptyInfo>>`, which does not implement the `Copy` trait[0m
[0m  [0m[0m[1m[38;5;12m25[0m[0m [0m[0m[1m[38;5;12m|[0m[0m [0m[0mlet vec_obj: Vec<Pair<BaseSol<SId, Mixed, EmptyInfo>, BaseSol<SId, Real, EmptyInfo>, _, _, _, _>> = sp.vec_onto_obj(vec_opt);[0m
[0m     [0m[0m[1m[38;5;12m|[0m[0m                                                                                                                     [0m[0m[1m[38;5;12m-------[0m[0m [0m[0m[1m[38;5;12mvalue moved here[0m
[0m  [0m[0m[1m[38;5;12m26[0m[0m [0m[0m[1m[38;5;12m|[0m
[0m  [0m[0m[1m[38;5;12m27[0m[0m [0m[0m[1m[38;5;12m|[0m[0m [0m[0mfor (opt, obj) in vec_opt.iter().zip(vec_obj.iter()){[0m
[0m     [0m[0m[1m[38;5;12m|[0m[0m                   [0m[0m[1m[38;5;9m^^^^^^^[0m[0m [0m[0m[1m[38;5;9mvalue borrowed here after move[0m
[0m     [0m[0m[1m[38;5;12m|[0m
[0m     [0m[0m[1m[38;5;12m= [0m[0m[1mnote[0m[0m: borrow occurs due to deref coercion to `[BaseSol<SId, Bounded<f64>, EmptyInfo>]`[0m
[0m[1m[38;5;10mnote[0m[0m: deref defined here[0m
[0m    [0m[0m[1m[38;5;12m--> [0m[0m/home/thomas/.rustup/toolchains/stable-x86_64-unknown-linux-gnu/lib/rustlib/src/rust/library/alloc/src/vec/mod.rs:3540:5[0m
[0m     [0m[0m[1m[38;5;12m|[0m
[0m[1m[38;5;12m3540[0m[0m [0m[0m[1m[38;5;12m|[0m[0m [0m[0m    type Target = [T];[0m
[0m     [0m[0m[1m[38;5;12m|[0m[0m     [0m[0m[1m[38;5;10m^^^^^^^^^^^[0m

[0m[1m[38;5;9merror[0m[0m[1m: aborting due to 1 previous error[0m

[0m[1mFor more information about this error, try `rustc --explain E0382`.[0m
Couldn't compile the test.
---- core/src/searchspace.rs - searchspace::Searchspace::onto_opt (line 245) stdout ----
[0m[1m[38;5;9merror[E0412][0m[0m[1m: cannot find type `Real` in this scope[0m
[0m  [0m[0m[1m[38;5;12m--> [0m[0mcore/src/searchspace.rs:264:19[0m
[0m   [0m[0m[1m[38;5;12m|[0m
[0m[1m[38;5;12m21[0m[0m [0m[0m[1m[38;5;12m|[0m[0m [0m[0mlet sp: Sp<Mixed, Real> = sp::get_searchspace();[0m
[0m   [0m[0m[1m[38;5;12m|[0m[0m                   [0m[0m[1m[38;5;9m^^^^[0m[0m [0m[0m[1m[38;5;9mnot found in this scope[0m
[0m   [0m[0m[1m[38;5;12m|[0m
[0m[1m[38;5;14mhelp[0m[0m: consider importing one of these items[0m
[0m   [0m[0m[1m[38;5;12m|[0m
[0m [0m[0m[1m[38;5;12m2[0m[0m [0m[0m[38;5;10m+ use num::traits::real::Real;[0m
[0m   [0m[0m[1m[38;5;12m|[0m
[0m [0m[0m[1m[38;5;12m2[0m[0m [0m[0m[38;5;10m+ use tantale_core::Real;[0m
[0m   [0m[0m[1m[38;5;12m|[0m

[0m[1m[38;5;9merror[0m[0m[1m: aborting due to 1 previous error[0m

[0m[1mFor more information about this error, try `rustc --explain E0412`.[0m
Couldn't compile the test.

failures:
    core/src/lib.rs - (line 109)
    core/src/objective/obj.rs - objective::obj (line 62)
    core/src/sampler.rs - sampler::Sampler (line 75)
    core/src/searchspace.rs - searchspace (line 100)
    core/src/searchspace.rs - searchspace::Searchspace::is_in_obj (line 459)
    core/src/searchspace.rs - searchspace::Searchspace::is_in_opt (line 506)
    core/src/searchspace.rs - searchspace::Searchspace::onto_obj (line 288)
    core/src/searchspace.rs - searchspace::Searchspace::onto_opt (line 245)
    core/src/searchspace.rs - searchspace::Searchspace::sample_obj (line 330)
    core/src/searchspace.rs - searchspace::Searchspace::sample_opt (line 371)
    core/src/searchspace.rs - searchspace::Searchspace::sample_pair (line 413)
    core/src/searchspace.rs - searchspace::Searchspace::vec_apply_obj (line 803)
    core/src/searchspace.rs - searchspace::Searchspace::vec_apply_opt (line 865)
    core/src/searchspace.rs - searchspace::Searchspace::vec_apply_pair (line 921)
    core/src/searchspace.rs - searchspace::Searchspace::vec_is_in_obj (line 978)
    core/src/searchspace.rs - searchspace::Searchspace::vec_is_in_opt (line 1025)
    core/src/searchspace.rs - searchspace::Searchspace::vec_onto_obj (line 542)
    core/src/searchspace.rs - searchspace::Searchspace::vec_onto_opt (line 592)
    core/src/searchspace.rs - searchspace::Searchspace::vec_sample_obj (line 644)

test result: FAILED. 80 passed; 19 failed; 43 ignored; 0 measured; 0 filtered out; finished in 1.34s

all doctests ran in 2.01s; merged doctests compilation took 0.66s
